{"timestamp":"2025-05-02T14:31:54.299243","level":"info","event":"DAG bundles loaded: dags-folder","logger":"airflow.dag_processing.bundles.manager.DagBundlesManager"}
{"timestamp":"2025-05-02T14:31:54.299937","level":"info","event":"Filling up the DagBag from /opt/airflow/dags/run_dbt_dag.py","logger":"airflow.models.dagbag.DagBag"}
{"timestamp":"2025-05-02T14:31:54.328504","level":"info","event":"Tmp dir root location: /tmp","logger":"airflow.task.hooks.airflow.providers.standard.hooks.subprocess.SubprocessHook"}
{"timestamp":"2025-05-02T14:31:54.329383","level":"info","event":"Running command: ['/usr/bin/bash', '-c', 'cd /opt/airflow/dbt && dbt run --profiles-dir /opt/airflow/dbt --project-dir . --log-path /opt/airflow/logs --log-level debug 2>&1 | tee /opt/airflow/logs/dbt_run_20250502T000000.log']","logger":"airflow.task.hooks.airflow.providers.standard.hooks.subprocess.SubprocessHook"}
{"timestamp":"2025-05-02T14:31:54.339102","level":"info","event":"Output:","logger":"airflow.task.hooks.airflow.providers.standard.hooks.subprocess.SubprocessHook"}
{"timestamp":"2025-05-02T14:31:59.085562","level":"info","event":"\u001b[0m14:31:59  Sending event: {'category': 'dbt', 'action': 'invocation', 'label': 'start', 'context': [<snowplow_tracker.self_describing_json.SelfDescribingJson object at 0x7f02c248f2c0>, <snowplow_tracker.self_describing_json.SelfDescribingJson object at 0x7f02c4e01280>, <snowplow_tracker.self_describing_json.SelfDescribingJson object at 0x7f02c2550b00>]}","logger":"airflow.task.hooks.airflow.providers.standard.hooks.subprocess.SubprocessHook"}
{"timestamp":"2025-05-02T14:31:59.086834","level":"info","event":"\u001b[0m14:31:59  Running with dbt=1.7.6","logger":"airflow.task.hooks.airflow.providers.standard.hooks.subprocess.SubprocessHook"}
{"timestamp":"2025-05-02T14:31:59.088180","level":"info","event":"\u001b[0m14:31:59  running dbt with arguments {'printer_width': '80', 'indirect_selection': 'eager', 'write_json': 'True', 'log_cache_events': 'False', 'partial_parse': 'True', 'cache_selected_only': 'False', 'warn_error': 'None', 'debug': 'False', 'profiles_dir': '/opt/airflow/dbt', 'log_path': '/opt/airflow/logs', 'version_check': 'True', 'fail_fast': 'False', 'use_colors': 'True', 'use_experimental_parser': 'False', 'no_print': 'None', 'quiet': 'False', 'warn_error_options': 'WarnErrorOptions(include=[], exclude=[])', 'introspect': 'True', 'invocation_command': 'dbt run --profiles-dir /opt/airflow/dbt --project-dir . --log-path /opt/airflow/logs --log-level debug', 'static_parser': 'True', 'target_path': 'None', 'log_format': 'default', 'send_anonymous_usage_stats': 'True'}","logger":"airflow.task.hooks.airflow.providers.standard.hooks.subprocess.SubprocessHook"}
{"timestamp":"2025-05-02T14:31:59.261261","level":"info","event":"\u001b[0m14:31:59  [\u001b[33mWARNING\u001b[0m]: Deprecated functionality","logger":"airflow.task.hooks.airflow.providers.standard.hooks.subprocess.SubprocessHook"}
{"timestamp":"2025-05-02T14:31:59.261512","level":"info","event":"The `target-path` config in `dbt_project.yml` has been deprecated, and will no","logger":"airflow.task.hooks.airflow.providers.standard.hooks.subprocess.SubprocessHook"}
{"timestamp":"2025-05-02T14:31:59.261666","level":"info","event":"longer be supported in a future version of dbt-core. If you wish to write dbt","logger":"airflow.task.hooks.airflow.providers.standard.hooks.subprocess.SubprocessHook"}
{"timestamp":"2025-05-02T14:31:59.261786","level":"info","event":"artifacts to a custom directory, please use the --target-path CLI flag or","logger":"airflow.task.hooks.airflow.providers.standard.hooks.subprocess.SubprocessHook"}
{"timestamp":"2025-05-02T14:31:59.261913","level":"info","event":"DBT_TARGET_PATH env var instead.","logger":"airflow.task.hooks.airflow.providers.standard.hooks.subprocess.SubprocessHook"}
{"timestamp":"2025-05-02T14:31:59.262268","level":"info","event":"\u001b[0m14:31:59  Sending event: {'category': 'dbt', 'action': 'deprecation', 'label': '075fff2f-ffcf-4286-81f9-d68d9876d965', 'property_': 'warn', 'context': [<snowplow_tracker.self_describing_json.SelfDescribingJson object at 0x7f02c229dc40>]}","logger":"airflow.task.hooks.airflow.providers.standard.hooks.subprocess.SubprocessHook"}
{"timestamp":"2025-05-02T14:31:59.354856","level":"info","event":"\u001b[0m14:31:59  Encountered an error:","logger":"airflow.task.hooks.airflow.providers.standard.hooks.subprocess.SubprocessHook"}
{"timestamp":"2025-05-02T14:31:59.355058","level":"info","event":"Runtime Error","logger":"airflow.task.hooks.airflow.providers.standard.hooks.subprocess.SubprocessHook"}
{"timestamp":"2025-05-02T14:31:59.355197","level":"info","event":"  at path ['target-path']: ['target'] is not valid under any of the given schemas","logger":"airflow.task.hooks.airflow.providers.standard.hooks.subprocess.SubprocessHook"}
{"timestamp":"2025-05-02T14:31:59.355331","level":"info","event":"","logger":"airflow.task.hooks.airflow.providers.standard.hooks.subprocess.SubprocessHook"}
{"timestamp":"2025-05-02T14:31:59.355457","level":"info","event":"Error encountered in ./dbt_project.yml","logger":"airflow.task.hooks.airflow.providers.standard.hooks.subprocess.SubprocessHook"}
{"timestamp":"2025-05-02T14:31:59.356523","level":"info","event":"\u001b[0m14:31:59  Resource report: {\"command_name\": \"run\", \"command_wall_clock_time\": 0.4250709, \"process_user_time\": 4.042033, \"process_kernel_time\": 0.291589, \"process_mem_max_rss\": \"122540\", \"process_in_blocks\": \"22072\", \"process_out_blocks\": \"5752\", \"command_success\": false}","logger":"airflow.task.hooks.airflow.providers.standard.hooks.subprocess.SubprocessHook"}
{"timestamp":"2025-05-02T14:31:59.358219","level":"info","event":"\u001b[0m14:31:59  Command `dbt run` failed at 14:31:59.356984 after 0.43 seconds","logger":"airflow.task.hooks.airflow.providers.standard.hooks.subprocess.SubprocessHook"}
{"timestamp":"2025-05-02T14:31:59.359624","level":"info","event":"\u001b[0m14:31:59  Sending event: {'category': 'dbt', 'action': 'invocation', 'label': 'end', 'context': [<snowplow_tracker.self_describing_json.SelfDescribingJson object at 0x7f02c6ffb1a0>, <snowplow_tracker.self_describing_json.SelfDescribingJson object at 0x7f02c2550b00>, <snowplow_tracker.self_describing_json.SelfDescribingJson object at 0x7f02c28b4ce0>]}","logger":"airflow.task.hooks.airflow.providers.standard.hooks.subprocess.SubprocessHook"}
{"timestamp":"2025-05-02T14:31:59.360627","level":"info","event":"\u001b[0m14:31:59  Flushing usage events","logger":"airflow.task.hooks.airflow.providers.standard.hooks.subprocess.SubprocessHook"}
{"timestamp":"2025-05-02T14:32:00.711343","level":"info","event":"Command exited with return code 0","logger":"airflow.task.hooks.airflow.providers.standard.hooks.subprocess.SubprocessHook"}
{"timestamp":"2025-05-02T14:32:00.712389","level":"info","event":"Pushing xcom","ti":"RuntimeTaskInstance(id=UUID('01969169-36c3-769d-aab4-dcf7d55b1015'), task_id='dbt_run', dag_id='dbt_run_with_logging', run_id='scheduled__2025-05-02T00:00:00+00:00', try_number=1, map_index=-1, hostname='ce02af881ded', context_carrier=None, task=<Task(BashOperator): dbt_run>, bundle_instance=LocalDagBundle(name=dags-folder), max_tries=0, start_date=datetime.datetime(2025, 5, 2, 14, 31, 53, 976121, tzinfo=TzInfo(UTC)), end_date=None, is_mapped=False)","logger":"task"}
