{"timestamp":"2025-04-30T07:47:47.231709","level":"info","event":"DAG bundles loaded: dags-folder","logger":"airflow.dag_processing.bundles.manager.DagBundlesManager"}
{"timestamp":"2025-04-30T07:47:47.232290","level":"info","event":"Filling up the DagBag from /opt/airflow/dags/run_dbt_dag.py","logger":"airflow.models.dagbag.DagBag"}
{"timestamp":"2025-04-30T07:47:47.250134","level":"info","event":"Tmp dir root location: /tmp","logger":"airflow.task.hooks.airflow.providers.standard.hooks.subprocess.SubprocessHook"}
{"timestamp":"2025-04-30T07:47:47.250701","level":"info","event":"Running command: ['/usr/bin/bash', '-c', 'cd /opt/airflow/dbt && dbt run --profiles-dir /opt/airflow/dbt --project-dir . --log-path /opt/airflow/logs --log-level debug 2>&1 | tee /opt/airflow/logs/dbt_run_20250430T000000.log']","logger":"airflow.task.hooks.airflow.providers.standard.hooks.subprocess.SubprocessHook"}
{"timestamp":"2025-04-30T07:47:47.257621","level":"info","event":"Output:","logger":"airflow.task.hooks.airflow.providers.standard.hooks.subprocess.SubprocessHook"}
{"timestamp":"2025-04-30T07:47:51.320950","level":"info","event":"\u001b[0m07:47:51  Sending event: {'category': 'dbt', 'action': 'invocation', 'label': 'start', 'context': [<snowplow_tracker.self_describing_json.SelfDescribingJson object at 0x7f72e749f9b0>, <snowplow_tracker.self_describing_json.SelfDescribingJson object at 0x7f72e84bafc0>, <snowplow_tracker.self_describing_json.SelfDescribingJson object at 0x7f72e7558da0>]}","logger":"airflow.task.hooks.airflow.providers.standard.hooks.subprocess.SubprocessHook"}
{"timestamp":"2025-04-30T07:47:51.322726","level":"info","event":"\u001b[0m07:47:51  Running with dbt=1.7.6","logger":"airflow.task.hooks.airflow.providers.standard.hooks.subprocess.SubprocessHook"}
{"timestamp":"2025-04-30T07:47:51.323664","level":"info","event":"\u001b[0m07:47:51  running dbt with arguments {'printer_width': '80', 'indirect_selection': 'eager', 'write_json': 'True', 'log_cache_events': 'False', 'partial_parse': 'True', 'cache_selected_only': 'False', 'profiles_dir': '/opt/airflow/dbt', 'version_check': 'True', 'fail_fast': 'False', 'log_path': '/opt/airflow/logs', 'warn_error': 'None', 'debug': 'False', 'use_colors': 'True', 'use_experimental_parser': 'False', 'no_print': 'None', 'quiet': 'False', 'log_format': 'default', 'introspect': 'True', 'invocation_command': 'dbt run --profiles-dir /opt/airflow/dbt --project-dir . --log-path /opt/airflow/logs --log-level debug', 'warn_error_options': 'WarnErrorOptions(include=[], exclude=[])', 'target_path': 'None', 'static_parser': 'True', 'send_anonymous_usage_stats': 'True'}","logger":"airflow.task.hooks.airflow.providers.standard.hooks.subprocess.SubprocessHook"}
{"timestamp":"2025-04-30T07:47:51.542461","level":"info","event":"\u001b[0m07:47:51  Sending event: {'category': 'dbt', 'action': 'project_id', 'label': '52fe4805-5f0e-4e51-9a17-9a8357e2f7fc', 'context': [<snowplow_tracker.self_describing_json.SelfDescribingJson object at 0x7f72e7750950>]}","logger":"airflow.task.hooks.airflow.providers.standard.hooks.subprocess.SubprocessHook"}
{"timestamp":"2025-04-30T07:47:51.651599","level":"info","event":"\u001b[0m07:47:51  Sending event: {'category': 'dbt', 'action': 'adapter_info', 'label': '52fe4805-5f0e-4e51-9a17-9a8357e2f7fc', 'context': [<snowplow_tracker.self_describing_json.SelfDescribingJson object at 0x7f72e87a61e0>]}","logger":"airflow.task.hooks.airflow.providers.standard.hooks.subprocess.SubprocessHook"}
{"timestamp":"2025-04-30T07:47:51.653483","level":"info","event":"\u001b[0m07:47:51  Registered adapter: postgres=1.7.6","logger":"airflow.task.hooks.airflow.providers.standard.hooks.subprocess.SubprocessHook"}
{"timestamp":"2025-04-30T07:47:51.664848","level":"info","event":"\u001b[0m07:47:51  checksum: d62e513342251256fdf8c77c78ccf3e0bf76720e6e4e8384a98b7479399def9a, vars: {}, profile: , target: , version: 1.7.6","logger":"airflow.task.hooks.airflow.providers.standard.hooks.subprocess.SubprocessHook"}
{"timestamp":"2025-04-30T07:47:51.671426","level":"info","event":"\u001b[0m07:47:51  Unable to do partial parsing because saved manifest not found. Starting full parse.","logger":"airflow.task.hooks.airflow.providers.standard.hooks.subprocess.SubprocessHook"}
{"timestamp":"2025-04-30T07:47:51.672352","level":"info","event":"\u001b[0m07:47:51  Sending event: {'category': 'dbt', 'action': 'partial_parser', 'label': '52fe4805-5f0e-4e51-9a17-9a8357e2f7fc', 'context': [<snowplow_tracker.self_describing_json.SelfDescribingJson object at 0x7f72e6fe7050>]}","logger":"airflow.task.hooks.airflow.providers.standard.hooks.subprocess.SubprocessHook"}
{"timestamp":"2025-04-30T07:47:52.774621","level":"info","event":"\u001b[0m07:47:52  Sending event: {'category': 'dbt', 'action': 'load_project', 'label': '52fe4805-5f0e-4e51-9a17-9a8357e2f7fc', 'context': [<snowplow_tracker.self_describing_json.SelfDescribingJson object at 0x7f72e70b1400>]}","logger":"airflow.task.hooks.airflow.providers.standard.hooks.subprocess.SubprocessHook"}
{"timestamp":"2025-04-30T07:47:52.816295","level":"info","event":"\u001b[0m07:47:52  Sending event: {'category': 'dbt', 'action': 'resource_counts', 'label': '52fe4805-5f0e-4e51-9a17-9a8357e2f7fc', 'context': [<snowplow_tracker.self_describing_json.SelfDescribingJson object at 0x7f72e67a3b90>]}","logger":"airflow.task.hooks.airflow.providers.standard.hooks.subprocess.SubprocessHook"}
{"timestamp":"2025-04-30T07:47:52.818031","level":"info","event":"\u001b[0m07:47:52  Found 1 model, 0 sources, 0 exposures, 0 metrics, 401 macros, 0 groups, 0 semantic models","logger":"airflow.task.hooks.airflow.providers.standard.hooks.subprocess.SubprocessHook"}
{"timestamp":"2025-04-30T07:47:52.819355","level":"info","event":"\u001b[0m07:47:52  Sending event: {'category': 'dbt', 'action': 'runnable_timing', 'label': '52fe4805-5f0e-4e51-9a17-9a8357e2f7fc', 'context': [<snowplow_tracker.self_describing_json.SelfDescribingJson object at 0x7f72e7011070>]}","logger":"airflow.task.hooks.airflow.providers.standard.hooks.subprocess.SubprocessHook"}
{"timestamp":"2025-04-30T07:47:52.825088","level":"info","event":"\u001b[0m07:47:52","logger":"airflow.task.hooks.airflow.providers.standard.hooks.subprocess.SubprocessHook"}
{"timestamp":"2025-04-30T07:47:52.826568","level":"info","event":"\u001b[0m07:47:52  Acquiring new postgres connection 'master'","logger":"airflow.task.hooks.airflow.providers.standard.hooks.subprocess.SubprocessHook"}
{"timestamp":"2025-04-30T07:47:52.828831","level":"info","event":"\u001b[0m07:47:52  Acquiring new postgres connection 'list_analytics'","logger":"airflow.task.hooks.airflow.providers.standard.hooks.subprocess.SubprocessHook"}
{"timestamp":"2025-04-30T07:47:52.843808","level":"info","event":"\u001b[0m07:47:52  Using postgres connection \"list_analytics\"","logger":"airflow.task.hooks.airflow.providers.standard.hooks.subprocess.SubprocessHook"}
{"timestamp":"2025-04-30T07:47:52.844559","level":"info","event":"\u001b[0m07:47:52  On list_analytics: /* {\"app\": \"dbt\", \"dbt_version\": \"1.7.6\", \"profile_name\": \"my_project\", \"target_name\": \"dev\", \"connection_name\": \"list_analytics\"} */","logger":"airflow.task.hooks.airflow.providers.standard.hooks.subprocess.SubprocessHook"}
{"timestamp":"2025-04-30T07:47:52.844695","level":"info","event":"","logger":"airflow.task.hooks.airflow.providers.standard.hooks.subprocess.SubprocessHook"}
{"timestamp":"2025-04-30T07:47:52.844799","level":"info","event":"    select distinct nspname from pg_namespace","logger":"airflow.task.hooks.airflow.providers.standard.hooks.subprocess.SubprocessHook"}
{"timestamp":"2025-04-30T07:47:52.844867","level":"info","event":"","logger":"airflow.task.hooks.airflow.providers.standard.hooks.subprocess.SubprocessHook"}
{"timestamp":"2025-04-30T07:47:52.845333","level":"info","event":"\u001b[0m07:47:52  Opening a new connection, currently in state init","logger":"airflow.task.hooks.airflow.providers.standard.hooks.subprocess.SubprocessHook"}
{"timestamp":"2025-04-30T07:47:52.856167","level":"info","event":"\u001b[0m07:47:52  SQL status: SELECT 4 in 0.0 seconds","logger":"airflow.task.hooks.airflow.providers.standard.hooks.subprocess.SubprocessHook"}
{"timestamp":"2025-04-30T07:47:52.859070","level":"info","event":"\u001b[0m07:47:52  On list_analytics: Close","logger":"airflow.task.hooks.airflow.providers.standard.hooks.subprocess.SubprocessHook"}
{"timestamp":"2025-04-30T07:47:52.862047","level":"info","event":"\u001b[0m07:47:52  Re-using an available connection from the pool (formerly list_analytics, now list_analytics_public)","logger":"airflow.task.hooks.airflow.providers.standard.hooks.subprocess.SubprocessHook"}
{"timestamp":"2025-04-30T07:47:52.870703","level":"info","event":"\u001b[0m07:47:52  Using postgres connection \"list_analytics_public\"","logger":"airflow.task.hooks.airflow.providers.standard.hooks.subprocess.SubprocessHook"}
{"timestamp":"2025-04-30T07:47:52.871614","level":"info","event":"\u001b[0m07:47:52  On list_analytics_public: BEGIN","logger":"airflow.task.hooks.airflow.providers.standard.hooks.subprocess.SubprocessHook"}
{"timestamp":"2025-04-30T07:47:52.872616","level":"info","event":"\u001b[0m07:47:52  Opening a new connection, currently in state closed","logger":"airflow.task.hooks.airflow.providers.standard.hooks.subprocess.SubprocessHook"}
{"timestamp":"2025-04-30T07:47:52.881217","level":"info","event":"\u001b[0m07:47:52  SQL status: BEGIN in 0.0 seconds","logger":"airflow.task.hooks.airflow.providers.standard.hooks.subprocess.SubprocessHook"}
{"timestamp":"2025-04-30T07:47:52.882302","level":"info","event":"\u001b[0m07:47:52  Using postgres connection \"list_analytics_public\"","logger":"airflow.task.hooks.airflow.providers.standard.hooks.subprocess.SubprocessHook"}
{"timestamp":"2025-04-30T07:47:52.884874","level":"info","event":"\u001b[0m07:47:52  On list_analytics_public: /* {\"app\": \"dbt\", \"dbt_version\": \"1.7.6\", \"profile_name\": \"my_project\", \"target_name\": \"dev\", \"connection_name\": \"list_analytics_public\"} */","logger":"airflow.task.hooks.airflow.providers.standard.hooks.subprocess.SubprocessHook"}
{"timestamp":"2025-04-30T07:47:52.885054","level":"info","event":"select","logger":"airflow.task.hooks.airflow.providers.standard.hooks.subprocess.SubprocessHook"}
{"timestamp":"2025-04-30T07:47:52.885171","level":"info","event":"      'analytics' as database,","logger":"airflow.task.hooks.airflow.providers.standard.hooks.subprocess.SubprocessHook"}
{"timestamp":"2025-04-30T07:47:52.885257","level":"info","event":"      tablename as name,","logger":"airflow.task.hooks.airflow.providers.standard.hooks.subprocess.SubprocessHook"}
{"timestamp":"2025-04-30T07:47:52.885320","level":"info","event":"      schemaname as schema,","logger":"airflow.task.hooks.airflow.providers.standard.hooks.subprocess.SubprocessHook"}
{"timestamp":"2025-04-30T07:47:52.885397","level":"info","event":"      'table' as type","logger":"airflow.task.hooks.airflow.providers.standard.hooks.subprocess.SubprocessHook"}
{"timestamp":"2025-04-30T07:47:52.885490","level":"info","event":"    from pg_tables","logger":"airflow.task.hooks.airflow.providers.standard.hooks.subprocess.SubprocessHook"}
{"timestamp":"2025-04-30T07:47:52.885586","level":"info","event":"    where schemaname ilike 'public'","logger":"airflow.task.hooks.airflow.providers.standard.hooks.subprocess.SubprocessHook"}
{"timestamp":"2025-04-30T07:47:52.885682","level":"info","event":"    union all","logger":"airflow.task.hooks.airflow.providers.standard.hooks.subprocess.SubprocessHook"}
{"timestamp":"2025-04-30T07:47:52.885792","level":"info","event":"    select","logger":"airflow.task.hooks.airflow.providers.standard.hooks.subprocess.SubprocessHook"}
{"timestamp":"2025-04-30T07:47:52.885867","level":"info","event":"      'analytics' as database,","logger":"airflow.task.hooks.airflow.providers.standard.hooks.subprocess.SubprocessHook"}
{"timestamp":"2025-04-30T07:47:52.885986","level":"info","event":"      viewname as name,","logger":"airflow.task.hooks.airflow.providers.standard.hooks.subprocess.SubprocessHook"}
{"timestamp":"2025-04-30T07:47:52.886089","level":"info","event":"      schemaname as schema,","logger":"airflow.task.hooks.airflow.providers.standard.hooks.subprocess.SubprocessHook"}
{"timestamp":"2025-04-30T07:47:52.886186","level":"info","event":"      'view' as type","logger":"airflow.task.hooks.airflow.providers.standard.hooks.subprocess.SubprocessHook"}
{"timestamp":"2025-04-30T07:47:52.886281","level":"info","event":"    from pg_views","logger":"airflow.task.hooks.airflow.providers.standard.hooks.subprocess.SubprocessHook"}
{"timestamp":"2025-04-30T07:47:52.886378","level":"info","event":"    where schemaname ilike 'public'","logger":"airflow.task.hooks.airflow.providers.standard.hooks.subprocess.SubprocessHook"}
{"timestamp":"2025-04-30T07:47:52.886480","level":"info","event":"    union all","logger":"airflow.task.hooks.airflow.providers.standard.hooks.subprocess.SubprocessHook"}
{"timestamp":"2025-04-30T07:47:52.886580","level":"info","event":"    select","logger":"airflow.task.hooks.airflow.providers.standard.hooks.subprocess.SubprocessHook"}
{"timestamp":"2025-04-30T07:47:52.886685","level":"info","event":"      'analytics' as database,","logger":"airflow.task.hooks.airflow.providers.standard.hooks.subprocess.SubprocessHook"}
{"timestamp":"2025-04-30T07:47:52.886787","level":"info","event":"      matviewname as name,","logger":"airflow.task.hooks.airflow.providers.standard.hooks.subprocess.SubprocessHook"}
{"timestamp":"2025-04-30T07:47:52.886883","level":"info","event":"      schemaname as schema,","logger":"airflow.task.hooks.airflow.providers.standard.hooks.subprocess.SubprocessHook"}
{"timestamp":"2025-04-30T07:47:52.886981","level":"info","event":"      'materialized_view' as type","logger":"airflow.task.hooks.airflow.providers.standard.hooks.subprocess.SubprocessHook"}
{"timestamp":"2025-04-30T07:47:52.887075","level":"info","event":"    from pg_matviews","logger":"airflow.task.hooks.airflow.providers.standard.hooks.subprocess.SubprocessHook"}
{"timestamp":"2025-04-30T07:47:52.887176","level":"info","event":"    where schemaname ilike 'public'","logger":"airflow.task.hooks.airflow.providers.standard.hooks.subprocess.SubprocessHook"}
{"timestamp":"2025-04-30T07:47:52.887294","level":"info","event":"","logger":"airflow.task.hooks.airflow.providers.standard.hooks.subprocess.SubprocessHook"}
{"timestamp":"2025-04-30T07:47:52.892186","level":"info","event":"\u001b[0m07:47:52  SQL status: SELECT 1 in 0.0 seconds","logger":"airflow.task.hooks.airflow.providers.standard.hooks.subprocess.SubprocessHook"}
{"timestamp":"2025-04-30T07:47:52.894913","level":"info","event":"\u001b[0m07:47:52  On list_analytics_public: ROLLBACK","logger":"airflow.task.hooks.airflow.providers.standard.hooks.subprocess.SubprocessHook"}
{"timestamp":"2025-04-30T07:47:52.895883","level":"info","event":"\u001b[0m07:47:52  On list_analytics_public: Close","logger":"airflow.task.hooks.airflow.providers.standard.hooks.subprocess.SubprocessHook"}
{"timestamp":"2025-04-30T07:47:52.903875","level":"info","event":"\u001b[0m07:47:52  Using postgres connection \"master\"","logger":"airflow.task.hooks.airflow.providers.standard.hooks.subprocess.SubprocessHook"}
{"timestamp":"2025-04-30T07:47:52.904765","level":"info","event":"\u001b[0m07:47:52  On master: BEGIN","logger":"airflow.task.hooks.airflow.providers.standard.hooks.subprocess.SubprocessHook"}
{"timestamp":"2025-04-30T07:47:52.905764","level":"info","event":"\u001b[0m07:47:52  Opening a new connection, currently in state init","logger":"airflow.task.hooks.airflow.providers.standard.hooks.subprocess.SubprocessHook"}
{"timestamp":"2025-04-30T07:47:52.914991","level":"info","event":"\u001b[0m07:47:52  SQL status: BEGIN in 0.0 seconds","logger":"airflow.task.hooks.airflow.providers.standard.hooks.subprocess.SubprocessHook"}
{"timestamp":"2025-04-30T07:47:52.917353","level":"info","event":"\u001b[0m07:47:52  Using postgres connection \"master\"","logger":"airflow.task.hooks.airflow.providers.standard.hooks.subprocess.SubprocessHook"}
{"timestamp":"2025-04-30T07:47:52.918348","level":"info","event":"\u001b[0m07:47:52  On master: /* {\"app\": \"dbt\", \"dbt_version\": \"1.7.6\", \"profile_name\": \"my_project\", \"target_name\": \"dev\", \"connection_name\": \"master\"} */","logger":"airflow.task.hooks.airflow.providers.standard.hooks.subprocess.SubprocessHook"}
{"timestamp":"2025-04-30T07:47:52.918577","level":"info","event":"with relation as (","logger":"airflow.task.hooks.airflow.providers.standard.hooks.subprocess.SubprocessHook"}
{"timestamp":"2025-04-30T07:47:52.918697","level":"info","event":"        select","logger":"airflow.task.hooks.airflow.providers.standard.hooks.subprocess.SubprocessHook"}
{"timestamp":"2025-04-30T07:47:52.918797","level":"info","event":"            pg_rewrite.ev_class as class,","logger":"airflow.task.hooks.airflow.providers.standard.hooks.subprocess.SubprocessHook"}
{"timestamp":"2025-04-30T07:47:52.918887","level":"info","event":"            pg_rewrite.oid as id","logger":"airflow.task.hooks.airflow.providers.standard.hooks.subprocess.SubprocessHook"}
{"timestamp":"2025-04-30T07:47:52.918971","level":"info","event":"        from pg_rewrite","logger":"airflow.task.hooks.airflow.providers.standard.hooks.subprocess.SubprocessHook"}
{"timestamp":"2025-04-30T07:47:52.919056","level":"info","event":"    ),","logger":"airflow.task.hooks.airflow.providers.standard.hooks.subprocess.SubprocessHook"}
{"timestamp":"2025-04-30T07:47:52.919133","level":"info","event":"    class as (","logger":"airflow.task.hooks.airflow.providers.standard.hooks.subprocess.SubprocessHook"}
{"timestamp":"2025-04-30T07:47:52.919209","level":"info","event":"        select","logger":"airflow.task.hooks.airflow.providers.standard.hooks.subprocess.SubprocessHook"}
{"timestamp":"2025-04-30T07:47:52.919284","level":"info","event":"            oid as id,","logger":"airflow.task.hooks.airflow.providers.standard.hooks.subprocess.SubprocessHook"}
{"timestamp":"2025-04-30T07:47:52.919365","level":"info","event":"            relname as name,","logger":"airflow.task.hooks.airflow.providers.standard.hooks.subprocess.SubprocessHook"}
{"timestamp":"2025-04-30T07:47:52.919440","level":"info","event":"            relnamespace as schema,","logger":"airflow.task.hooks.airflow.providers.standard.hooks.subprocess.SubprocessHook"}
{"timestamp":"2025-04-30T07:47:52.919516","level":"info","event":"            relkind as kind","logger":"airflow.task.hooks.airflow.providers.standard.hooks.subprocess.SubprocessHook"}
{"timestamp":"2025-04-30T07:47:52.919592","level":"info","event":"        from pg_class","logger":"airflow.task.hooks.airflow.providers.standard.hooks.subprocess.SubprocessHook"}
{"timestamp":"2025-04-30T07:47:52.919665","level":"info","event":"    ),","logger":"airflow.task.hooks.airflow.providers.standard.hooks.subprocess.SubprocessHook"}
{"timestamp":"2025-04-30T07:47:52.919740","level":"info","event":"    dependency as (","logger":"airflow.task.hooks.airflow.providers.standard.hooks.subprocess.SubprocessHook"}
{"timestamp":"2025-04-30T07:47:52.919816","level":"info","event":"        select distinct","logger":"airflow.task.hooks.airflow.providers.standard.hooks.subprocess.SubprocessHook"}
{"timestamp":"2025-04-30T07:47:52.919892","level":"info","event":"            pg_depend.objid as id,","logger":"airflow.task.hooks.airflow.providers.standard.hooks.subprocess.SubprocessHook"}
{"timestamp":"2025-04-30T07:47:52.919966","level":"info","event":"            pg_depend.refobjid as ref","logger":"airflow.task.hooks.airflow.providers.standard.hooks.subprocess.SubprocessHook"}
{"timestamp":"2025-04-30T07:47:52.920037","level":"info","event":"        from pg_depend","logger":"airflow.task.hooks.airflow.providers.standard.hooks.subprocess.SubprocessHook"}
{"timestamp":"2025-04-30T07:47:52.920132","level":"info","event":"    ),","logger":"airflow.task.hooks.airflow.providers.standard.hooks.subprocess.SubprocessHook"}
{"timestamp":"2025-04-30T07:47:52.920227","level":"info","event":"    schema as (","logger":"airflow.task.hooks.airflow.providers.standard.hooks.subprocess.SubprocessHook"}
{"timestamp":"2025-04-30T07:47:52.920343","level":"info","event":"        select","logger":"airflow.task.hooks.airflow.providers.standard.hooks.subprocess.SubprocessHook"}
{"timestamp":"2025-04-30T07:47:52.920432","level":"info","event":"            pg_namespace.oid as id,","logger":"airflow.task.hooks.airflow.providers.standard.hooks.subprocess.SubprocessHook"}
{"timestamp":"2025-04-30T07:47:52.920522","level":"info","event":"            pg_namespace.nspname as name","logger":"airflow.task.hooks.airflow.providers.standard.hooks.subprocess.SubprocessHook"}
{"timestamp":"2025-04-30T07:47:52.920609","level":"info","event":"        from pg_namespace","logger":"airflow.task.hooks.airflow.providers.standard.hooks.subprocess.SubprocessHook"}
{"timestamp":"2025-04-30T07:47:52.920693","level":"info","event":"        where nspname != 'information_schema' and nspname not like 'pg\\_%'","logger":"airflow.task.hooks.airflow.providers.standard.hooks.subprocess.SubprocessHook"}
{"timestamp":"2025-04-30T07:47:52.920775","level":"info","event":"    ),","logger":"airflow.task.hooks.airflow.providers.standard.hooks.subprocess.SubprocessHook"}
{"timestamp":"2025-04-30T07:47:52.920855","level":"info","event":"    referenced as (","logger":"airflow.task.hooks.airflow.providers.standard.hooks.subprocess.SubprocessHook"}
{"timestamp":"2025-04-30T07:47:52.920949","level":"info","event":"        select","logger":"airflow.task.hooks.airflow.providers.standard.hooks.subprocess.SubprocessHook"}
{"timestamp":"2025-04-30T07:47:52.921134","level":"info","event":"            relation.id AS id,","logger":"airflow.task.hooks.airflow.providers.standard.hooks.subprocess.SubprocessHook"}
{"timestamp":"2025-04-30T07:47:52.921880","level":"info","event":"            referenced_class.name ,","logger":"airflow.task.hooks.airflow.providers.standard.hooks.subprocess.SubprocessHook"}
{"timestamp":"2025-04-30T07:47:52.922009","level":"info","event":"            referenced_class.schema ,","logger":"airflow.task.hooks.airflow.providers.standard.hooks.subprocess.SubprocessHook"}
{"timestamp":"2025-04-30T07:47:52.922101","level":"info","event":"            referenced_class.kind","logger":"airflow.task.hooks.airflow.providers.standard.hooks.subprocess.SubprocessHook"}
{"timestamp":"2025-04-30T07:47:52.922186","level":"info","event":"        from relation","logger":"airflow.task.hooks.airflow.providers.standard.hooks.subprocess.SubprocessHook"}
{"timestamp":"2025-04-30T07:47:52.922266","level":"info","event":"        join class as referenced_class on relation.class=referenced_class.id","logger":"airflow.task.hooks.airflow.providers.standard.hooks.subprocess.SubprocessHook"}
{"timestamp":"2025-04-30T07:47:52.922380","level":"info","event":"        where referenced_class.kind in ('r', 'v', 'm')","logger":"airflow.task.hooks.airflow.providers.standard.hooks.subprocess.SubprocessHook"}
{"timestamp":"2025-04-30T07:47:52.922468","level":"info","event":"    ),","logger":"airflow.task.hooks.airflow.providers.standard.hooks.subprocess.SubprocessHook"}
{"timestamp":"2025-04-30T07:47:52.922549","level":"info","event":"    relationships as (","logger":"airflow.task.hooks.airflow.providers.standard.hooks.subprocess.SubprocessHook"}
{"timestamp":"2025-04-30T07:47:52.922627","level":"info","event":"        select","logger":"airflow.task.hooks.airflow.providers.standard.hooks.subprocess.SubprocessHook"}
{"timestamp":"2025-04-30T07:47:52.922711","level":"info","event":"            referenced.name as referenced_name,","logger":"airflow.task.hooks.airflow.providers.standard.hooks.subprocess.SubprocessHook"}
{"timestamp":"2025-04-30T07:47:52.922823","level":"info","event":"            referenced.schema as referenced_schema_id,","logger":"airflow.task.hooks.airflow.providers.standard.hooks.subprocess.SubprocessHook"}
{"timestamp":"2025-04-30T07:47:52.923374","level":"info","event":"            dependent_class.name as dependent_name,","logger":"airflow.task.hooks.airflow.providers.standard.hooks.subprocess.SubprocessHook"}
{"timestamp":"2025-04-30T07:47:52.924790","level":"info","event":"            dependent_class.schema as dependent_schema_id,","logger":"airflow.task.hooks.airflow.providers.standard.hooks.subprocess.SubprocessHook"}
{"timestamp":"2025-04-30T07:47:52.925073","level":"info","event":"            referenced.kind as kind","logger":"airflow.task.hooks.airflow.providers.standard.hooks.subprocess.SubprocessHook"}
{"timestamp":"2025-04-30T07:47:52.925461","level":"info","event":"        from referenced","logger":"airflow.task.hooks.airflow.providers.standard.hooks.subprocess.SubprocessHook"}
{"timestamp":"2025-04-30T07:47:52.925998","level":"info","event":"        join dependency on referenced.id=dependency.id","logger":"airflow.task.hooks.airflow.providers.standard.hooks.subprocess.SubprocessHook"}
{"timestamp":"2025-04-30T07:47:52.926573","level":"info","event":"        join class as dependent_class on dependency.ref=dependent_class.id","logger":"airflow.task.hooks.airflow.providers.standard.hooks.subprocess.SubprocessHook"}
{"timestamp":"2025-04-30T07:47:52.927154","level":"info","event":"        where","logger":"airflow.task.hooks.airflow.providers.standard.hooks.subprocess.SubprocessHook"}
{"timestamp":"2025-04-30T07:47:52.928102","level":"info","event":"            (referenced.name != dependent_class.name or","logger":"airflow.task.hooks.airflow.providers.standard.hooks.subprocess.SubprocessHook"}
{"timestamp":"2025-04-30T07:47:52.928572","level":"info","event":"             referenced.schema != dependent_class.schema)","logger":"airflow.task.hooks.airflow.providers.standard.hooks.subprocess.SubprocessHook"}
{"timestamp":"2025-04-30T07:47:52.928923","level":"info","event":"    )","logger":"airflow.task.hooks.airflow.providers.standard.hooks.subprocess.SubprocessHook"}
{"timestamp":"2025-04-30T07:47:52.929116","level":"info","event":"","logger":"airflow.task.hooks.airflow.providers.standard.hooks.subprocess.SubprocessHook"}
{"timestamp":"2025-04-30T07:47:52.929472","level":"info","event":"    select","logger":"airflow.task.hooks.airflow.providers.standard.hooks.subprocess.SubprocessHook"}
{"timestamp":"2025-04-30T07:47:52.930147","level":"info","event":"        referenced_schema.name as referenced_schema,","logger":"airflow.task.hooks.airflow.providers.standard.hooks.subprocess.SubprocessHook"}
{"timestamp":"2025-04-30T07:47:52.931258","level":"info","event":"        relationships.referenced_name as referenced_name,","logger":"airflow.task.hooks.airflow.providers.standard.hooks.subprocess.SubprocessHook"}
{"timestamp":"2025-04-30T07:47:52.931464","level":"info","event":"        dependent_schema.name as dependent_schema,","logger":"airflow.task.hooks.airflow.providers.standard.hooks.subprocess.SubprocessHook"}
{"timestamp":"2025-04-30T07:47:52.931640","level":"info","event":"        relationships.dependent_name as dependent_name","logger":"airflow.task.hooks.airflow.providers.standard.hooks.subprocess.SubprocessHook"}
{"timestamp":"2025-04-30T07:47:52.931827","level":"info","event":"    from relationships","logger":"airflow.task.hooks.airflow.providers.standard.hooks.subprocess.SubprocessHook"}
{"timestamp":"2025-04-30T07:47:52.931978","level":"info","event":"    join schema as dependent_schema on relationships.dependent_schema_id=dependent_schema.id","logger":"airflow.task.hooks.airflow.providers.standard.hooks.subprocess.SubprocessHook"}
{"timestamp":"2025-04-30T07:47:52.932092","level":"info","event":"    join schema as referenced_schema on relationships.referenced_schema_id=referenced_schema.id","logger":"airflow.task.hooks.airflow.providers.standard.hooks.subprocess.SubprocessHook"}
{"timestamp":"2025-04-30T07:47:52.932193","level":"info","event":"    group by referenced_schema, referenced_name, dependent_schema, dependent_name","logger":"airflow.task.hooks.airflow.providers.standard.hooks.subprocess.SubprocessHook"}
{"timestamp":"2025-04-30T07:47:52.932292","level":"info","event":"    order by referenced_schema, referenced_name, dependent_schema, dependent_name;","logger":"airflow.task.hooks.airflow.providers.standard.hooks.subprocess.SubprocessHook"}
{"timestamp":"2025-04-30T07:47:52.932393","level":"info","event":"\u001b[0m07:47:52  SQL status: SELECT 0 in 0.0 seconds","logger":"airflow.task.hooks.airflow.providers.standard.hooks.subprocess.SubprocessHook"}
{"timestamp":"2025-04-30T07:47:52.932492","level":"info","event":"\u001b[0m07:47:52  Sending event: {'category': 'dbt', 'action': 'runnable_timing', 'label': '52fe4805-5f0e-4e51-9a17-9a8357e2f7fc', 'context': [<snowplow_tracker.self_describing_json.SelfDescribingJson object at 0x7f72e67730b0>]}","logger":"airflow.task.hooks.airflow.providers.standard.hooks.subprocess.SubprocessHook"}
{"timestamp":"2025-04-30T07:47:52.932589","level":"info","event":"\u001b[0m07:47:52  On master: ROLLBACK","logger":"airflow.task.hooks.airflow.providers.standard.hooks.subprocess.SubprocessHook"}
{"timestamp":"2025-04-30T07:47:52.932685","level":"info","event":"\u001b[0m07:47:52  Using postgres connection \"master\"","logger":"airflow.task.hooks.airflow.providers.standard.hooks.subprocess.SubprocessHook"}
{"timestamp":"2025-04-30T07:47:52.932965","level":"info","event":"\u001b[0m07:47:52  On master: BEGIN","logger":"airflow.task.hooks.airflow.providers.standard.hooks.subprocess.SubprocessHook"}
{"timestamp":"2025-04-30T07:47:52.936951","level":"info","event":"\u001b[0m07:47:52  SQL status: BEGIN in 0.0 seconds","logger":"airflow.task.hooks.airflow.providers.standard.hooks.subprocess.SubprocessHook"}
{"timestamp":"2025-04-30T07:47:52.939746","level":"info","event":"\u001b[0m07:47:52  On master: COMMIT","logger":"airflow.task.hooks.airflow.providers.standard.hooks.subprocess.SubprocessHook"}
{"timestamp":"2025-04-30T07:47:52.942037","level":"info","event":"\u001b[0m07:47:52  Using postgres connection \"master\"","logger":"airflow.task.hooks.airflow.providers.standard.hooks.subprocess.SubprocessHook"}
{"timestamp":"2025-04-30T07:47:52.943146","level":"info","event":"\u001b[0m07:47:52  On master: COMMIT","logger":"airflow.task.hooks.airflow.providers.standard.hooks.subprocess.SubprocessHook"}
{"timestamp":"2025-04-30T07:47:52.944403","level":"info","event":"\u001b[0m07:47:52  SQL status: COMMIT in 0.0 seconds","logger":"airflow.task.hooks.airflow.providers.standard.hooks.subprocess.SubprocessHook"}
{"timestamp":"2025-04-30T07:47:52.945650","level":"info","event":"\u001b[0m07:47:52  On master: Close","logger":"airflow.task.hooks.airflow.providers.standard.hooks.subprocess.SubprocessHook"}
{"timestamp":"2025-04-30T07:47:52.948008","level":"info","event":"\u001b[0m07:47:52  Concurrency: 1 threads (target='dev')","logger":"airflow.task.hooks.airflow.providers.standard.hooks.subprocess.SubprocessHook"}
{"timestamp":"2025-04-30T07:47:52.949201","level":"info","event":"\u001b[0m07:47:52","logger":"airflow.task.hooks.airflow.providers.standard.hooks.subprocess.SubprocessHook"}
{"timestamp":"2025-04-30T07:47:52.963816","level":"info","event":"\u001b[0m07:47:52  Began running node model.my_project.trip_summary","logger":"airflow.task.hooks.airflow.providers.standard.hooks.subprocess.SubprocessHook"}
{"timestamp":"2025-04-30T07:47:52.965006","level":"info","event":"\u001b[0m07:47:52  1 of 1 START sql view model public.trip_summary ................................ [RUN]","logger":"airflow.task.hooks.airflow.providers.standard.hooks.subprocess.SubprocessHook"}
{"timestamp":"2025-04-30T07:47:52.966943","level":"info","event":"\u001b[0m07:47:52  Re-using an available connection from the pool (formerly list_analytics_public, now model.my_project.trip_summary)","logger":"airflow.task.hooks.airflow.providers.standard.hooks.subprocess.SubprocessHook"}
{"timestamp":"2025-04-30T07:47:52.968207","level":"info","event":"\u001b[0m07:47:52  Began compiling node model.my_project.trip_summary","logger":"airflow.task.hooks.airflow.providers.standard.hooks.subprocess.SubprocessHook"}
{"timestamp":"2025-04-30T07:47:52.980451","level":"info","event":"\u001b[0m07:47:52  Writing injected SQL for node \"model.my_project.trip_summary\"","logger":"airflow.task.hooks.airflow.providers.standard.hooks.subprocess.SubprocessHook"}
{"timestamp":"2025-04-30T07:47:52.995098","level":"info","event":"\u001b[0m07:47:52  Timing info for model.my_project.trip_summary (compile): 07:47:52.969082 => 07:47:52.993706","logger":"airflow.task.hooks.airflow.providers.standard.hooks.subprocess.SubprocessHook"}
{"timestamp":"2025-04-30T07:47:52.996613","level":"info","event":"\u001b[0m07:47:52  Began executing node model.my_project.trip_summary","logger":"airflow.task.hooks.airflow.providers.standard.hooks.subprocess.SubprocessHook"}
{"timestamp":"2025-04-30T07:47:53.065475","level":"info","event":"\u001b[0m07:47:53  Writing runtime sql for node \"model.my_project.trip_summary\"","logger":"airflow.task.hooks.airflow.providers.standard.hooks.subprocess.SubprocessHook"}
{"timestamp":"2025-04-30T07:47:53.079874","level":"info","event":"\u001b[0m07:47:53  Using postgres connection \"model.my_project.trip_summary\"","logger":"airflow.task.hooks.airflow.providers.standard.hooks.subprocess.SubprocessHook"}
{"timestamp":"2025-04-30T07:47:53.081113","level":"info","event":"\u001b[0m07:47:53  On model.my_project.trip_summary: BEGIN","logger":"airflow.task.hooks.airflow.providers.standard.hooks.subprocess.SubprocessHook"}
{"timestamp":"2025-04-30T07:47:53.082637","level":"info","event":"\u001b[0m07:47:53  Opening a new connection, currently in state closed","logger":"airflow.task.hooks.airflow.providers.standard.hooks.subprocess.SubprocessHook"}
{"timestamp":"2025-04-30T07:47:53.094924","level":"info","event":"\u001b[0m07:47:53  SQL status: BEGIN in 0.0 seconds","logger":"airflow.task.hooks.airflow.providers.standard.hooks.subprocess.SubprocessHook"}
{"timestamp":"2025-04-30T07:47:53.095793","level":"info","event":"\u001b[0m07:47:53  Using postgres connection \"model.my_project.trip_summary\"","logger":"airflow.task.hooks.airflow.providers.standard.hooks.subprocess.SubprocessHook"}
{"timestamp":"2025-04-30T07:47:53.096787","level":"info","event":"\u001b[0m07:47:53  On model.my_project.trip_summary: /* {\"app\": \"dbt\", \"dbt_version\": \"1.7.6\", \"profile_name\": \"my_project\", \"target_name\": \"dev\", \"node_id\": \"model.my_project.trip_summary\"} */","logger":"airflow.task.hooks.airflow.providers.standard.hooks.subprocess.SubprocessHook"}
{"timestamp":"2025-04-30T07:47:53.096964","level":"info","event":"","logger":"airflow.task.hooks.airflow.providers.standard.hooks.subprocess.SubprocessHook"}
{"timestamp":"2025-04-30T07:47:53.097124","level":"info","event":"  create view \"analytics\".\"public\".\"trip_summary__dbt_tmp\"","logger":"airflow.task.hooks.airflow.providers.standard.hooks.subprocess.SubprocessHook"}
{"timestamp":"2025-04-30T07:47:53.097299","level":"info","event":"","logger":"airflow.task.hooks.airflow.providers.standard.hooks.subprocess.SubprocessHook"}
{"timestamp":"2025-04-30T07:47:53.097409","level":"info","event":"","logger":"airflow.task.hooks.airflow.providers.standard.hooks.subprocess.SubprocessHook"}
{"timestamp":"2025-04-30T07:47:53.097536","level":"info","event":"  as (","logger":"airflow.task.hooks.airflow.providers.standard.hooks.subprocess.SubprocessHook"}
{"timestamp":"2025-04-30T07:47:53.097638","level":"info","event":"","logger":"airflow.task.hooks.airflow.providers.standard.hooks.subprocess.SubprocessHook"}
{"timestamp":"2025-04-30T07:47:53.097725","level":"info","event":"SELECT","logger":"airflow.task.hooks.airflow.providers.standard.hooks.subprocess.SubprocessHook"}
{"timestamp":"2025-04-30T07:47:53.097933","level":"info","event":"    trip_date,","logger":"airflow.task.hooks.airflow.providers.standard.hooks.subprocess.SubprocessHook"}
{"timestamp":"2025-04-30T07:47:53.098033","level":"info","event":"    COUNT(*) AS trip_count,","logger":"airflow.task.hooks.airflow.providers.standard.hooks.subprocess.SubprocessHook"}
{"timestamp":"2025-04-30T07:47:53.098160","level":"info","event":"    SUM(fare) AS total_revenue","logger":"airflow.task.hooks.airflow.providers.standard.hooks.subprocess.SubprocessHook"}
{"timestamp":"2025-04-30T07:47:53.098279","level":"info","event":"FROM trips","logger":"airflow.task.hooks.airflow.providers.standard.hooks.subprocess.SubprocessHook"}
{"timestamp":"2025-04-30T07:47:53.098412","level":"info","event":"GROUP BY trip_date","logger":"airflow.task.hooks.airflow.providers.standard.hooks.subprocess.SubprocessHook"}
{"timestamp":"2025-04-30T07:47:53.098485","level":"info","event":"ORDER BY trip_date","logger":"airflow.task.hooks.airflow.providers.standard.hooks.subprocess.SubprocessHook"}
{"timestamp":"2025-04-30T07:47:53.098573","level":"info","event":"  );","logger":"airflow.task.hooks.airflow.providers.standard.hooks.subprocess.SubprocessHook"}
{"timestamp":"2025-04-30T07:47:53.191275","level":"info","event":"\u001b[0m07:47:53  SQL status: CREATE VIEW in 0.0 seconds","logger":"airflow.task.hooks.airflow.providers.standard.hooks.subprocess.SubprocessHook"}
{"timestamp":"2025-04-30T07:47:53.201579","level":"info","event":"\u001b[0m07:47:53  Using postgres connection \"model.my_project.trip_summary\"","logger":"airflow.task.hooks.airflow.providers.standard.hooks.subprocess.SubprocessHook"}
{"timestamp":"2025-04-30T07:47:53.202533","level":"info","event":"\u001b[0m07:47:53  On model.my_project.trip_summary: /* {\"app\": \"dbt\", \"dbt_version\": \"1.7.6\", \"profile_name\": \"my_project\", \"target_name\": \"dev\", \"node_id\": \"model.my_project.trip_summary\"} */","logger":"airflow.task.hooks.airflow.providers.standard.hooks.subprocess.SubprocessHook"}
{"timestamp":"2025-04-30T07:47:53.202685","level":"info","event":"alter table \"analytics\".\"public\".\"trip_summary__dbt_tmp\" rename to \"trip_summary\"","logger":"airflow.task.hooks.airflow.providers.standard.hooks.subprocess.SubprocessHook"}
{"timestamp":"2025-04-30T07:47:53.205028","level":"info","event":"\u001b[0m07:47:53  Postgres adapter: Postgres error: relation \"trip_summary\" already exists","logger":"airflow.task.hooks.airflow.providers.standard.hooks.subprocess.SubprocessHook"}
{"timestamp":"2025-04-30T07:47:53.205232","level":"info","event":"","logger":"airflow.task.hooks.airflow.providers.standard.hooks.subprocess.SubprocessHook"}
{"timestamp":"2025-04-30T07:47:53.206056","level":"info","event":"\u001b[0m07:47:53  On model.my_project.trip_summary: ROLLBACK","logger":"airflow.task.hooks.airflow.providers.standard.hooks.subprocess.SubprocessHook"}
{"timestamp":"2025-04-30T07:47:53.207582","level":"info","event":"\u001b[0m07:47:53  Postgres adapter: Error running SQL: macro rename_relation","logger":"airflow.task.hooks.airflow.providers.standard.hooks.subprocess.SubprocessHook"}
{"timestamp":"2025-04-30T07:47:53.208617","level":"info","event":"\u001b[0m07:47:53  Postgres adapter: Rolling back transaction.","logger":"airflow.task.hooks.airflow.providers.standard.hooks.subprocess.SubprocessHook"}
{"timestamp":"2025-04-30T07:47:53.210036","level":"info","event":"\u001b[0m07:47:53  Timing info for model.my_project.trip_summary (execute): 07:47:52.997365 => 07:47:53.208981","logger":"airflow.task.hooks.airflow.providers.standard.hooks.subprocess.SubprocessHook"}
{"timestamp":"2025-04-30T07:47:53.211301","level":"info","event":"\u001b[0m07:47:53  On model.my_project.trip_summary: Close","logger":"airflow.task.hooks.airflow.providers.standard.hooks.subprocess.SubprocessHook"}
{"timestamp":"2025-04-30T07:47:53.223177","level":"info","event":"\u001b[0m07:47:53  Database Error in model trip_summary (models/trip_summary.sql)","logger":"airflow.task.hooks.airflow.providers.standard.hooks.subprocess.SubprocessHook"}
{"timestamp":"2025-04-30T07:47:53.223399","level":"info","event":"  relation \"trip_summary\" already exists","logger":"airflow.task.hooks.airflow.providers.standard.hooks.subprocess.SubprocessHook"}
{"timestamp":"2025-04-30T07:47:53.223500","level":"info","event":"  compiled Code at target/run/my_project/models/trip_summary.sql","logger":"airflow.task.hooks.airflow.providers.standard.hooks.subprocess.SubprocessHook"}
{"timestamp":"2025-04-30T07:47:53.224637","level":"info","event":"\u001b[0m07:47:53  Sending event: {'category': 'dbt', 'action': 'run_model', 'label': '52fe4805-5f0e-4e51-9a17-9a8357e2f7fc', 'context': [<snowplow_tracker.self_describing_json.SelfDescribingJson object at 0x7f72e67a7a10>]}","logger":"airflow.task.hooks.airflow.providers.standard.hooks.subprocess.SubprocessHook"}
{"timestamp":"2025-04-30T07:47:53.226158","level":"info","event":"\u001b[0m07:47:53  1 of 1 ERROR creating sql view model public.trip_summary ....................... [\u001b[31mERROR\u001b[0m in 0.26s]","logger":"airflow.task.hooks.airflow.providers.standard.hooks.subprocess.SubprocessHook"}
{"timestamp":"2025-04-30T07:47:53.227481","level":"info","event":"\u001b[0m07:47:53  Finished running node model.my_project.trip_summary","logger":"airflow.task.hooks.airflow.providers.standard.hooks.subprocess.SubprocessHook"}
{"timestamp":"2025-04-30T07:47:53.230425","level":"info","event":"\u001b[0m07:47:53  Using postgres connection \"master\"","logger":"airflow.task.hooks.airflow.providers.standard.hooks.subprocess.SubprocessHook"}
{"timestamp":"2025-04-30T07:47:53.231127","level":"info","event":"\u001b[0m07:47:53  On master: BEGIN","logger":"airflow.task.hooks.airflow.providers.standard.hooks.subprocess.SubprocessHook"}
{"timestamp":"2025-04-30T07:47:53.231783","level":"info","event":"\u001b[0m07:47:53  Opening a new connection, currently in state closed","logger":"airflow.task.hooks.airflow.providers.standard.hooks.subprocess.SubprocessHook"}
{"timestamp":"2025-04-30T07:47:53.240811","level":"info","event":"\u001b[0m07:47:53  SQL status: BEGIN in 0.0 seconds","logger":"airflow.task.hooks.airflow.providers.standard.hooks.subprocess.SubprocessHook"}
{"timestamp":"2025-04-30T07:47:53.241717","level":"info","event":"\u001b[0m07:47:53  On master: COMMIT","logger":"airflow.task.hooks.airflow.providers.standard.hooks.subprocess.SubprocessHook"}
{"timestamp":"2025-04-30T07:47:53.242874","level":"info","event":"\u001b[0m07:47:53  Using postgres connection \"master\"","logger":"airflow.task.hooks.airflow.providers.standard.hooks.subprocess.SubprocessHook"}
{"timestamp":"2025-04-30T07:47:53.243966","level":"info","event":"\u001b[0m07:47:53  On master: COMMIT","logger":"airflow.task.hooks.airflow.providers.standard.hooks.subprocess.SubprocessHook"}
{"timestamp":"2025-04-30T07:47:53.245084","level":"info","event":"\u001b[0m07:47:53  SQL status: COMMIT in 0.0 seconds","logger":"airflow.task.hooks.airflow.providers.standard.hooks.subprocess.SubprocessHook"}
{"timestamp":"2025-04-30T07:47:53.246279","level":"info","event":"\u001b[0m07:47:53  On master: Close","logger":"airflow.task.hooks.airflow.providers.standard.hooks.subprocess.SubprocessHook"}
{"timestamp":"2025-04-30T07:47:53.247882","level":"info","event":"\u001b[0m07:47:53  Connection 'master' was properly closed.","logger":"airflow.task.hooks.airflow.providers.standard.hooks.subprocess.SubprocessHook"}
{"timestamp":"2025-04-30T07:47:53.248964","level":"info","event":"\u001b[0m07:47:53  Connection 'model.my_project.trip_summary' was properly closed.","logger":"airflow.task.hooks.airflow.providers.standard.hooks.subprocess.SubprocessHook"}
{"timestamp":"2025-04-30T07:47:53.250297","level":"info","event":"\u001b[0m07:47:53","logger":"airflow.task.hooks.airflow.providers.standard.hooks.subprocess.SubprocessHook"}
{"timestamp":"2025-04-30T07:47:53.251140","level":"info","event":"\u001b[0m07:47:53  Finished running 1 view model in 0 hours 0 minutes and 0.42 seconds (0.42s).","logger":"airflow.task.hooks.airflow.providers.standard.hooks.subprocess.SubprocessHook"}
{"timestamp":"2025-04-30T07:47:53.252712","level":"info","event":"\u001b[0m07:47:53  Command end result","logger":"airflow.task.hooks.airflow.providers.standard.hooks.subprocess.SubprocessHook"}
{"timestamp":"2025-04-30T07:47:53.334155","level":"info","event":"\u001b[0m07:47:53","logger":"airflow.task.hooks.airflow.providers.standard.hooks.subprocess.SubprocessHook"}
{"timestamp":"2025-04-30T07:47:53.335319","level":"info","event":"\u001b[0m07:47:53  \u001b[31mCompleted with 1 error and 0 warnings:\u001b[0m","logger":"airflow.task.hooks.airflow.providers.standard.hooks.subprocess.SubprocessHook"}
{"timestamp":"2025-04-30T07:47:53.336254","level":"info","event":"\u001b[0m07:47:53","logger":"airflow.task.hooks.airflow.providers.standard.hooks.subprocess.SubprocessHook"}
{"timestamp":"2025-04-30T07:47:53.337301","level":"info","event":"\u001b[0m07:47:53    Database Error in model trip_summary (models/trip_summary.sql)","logger":"airflow.task.hooks.airflow.providers.standard.hooks.subprocess.SubprocessHook"}
{"timestamp":"2025-04-30T07:47:53.337584","level":"info","event":"  relation \"trip_summary\" already exists","logger":"airflow.task.hooks.airflow.providers.standard.hooks.subprocess.SubprocessHook"}
{"timestamp":"2025-04-30T07:47:53.337751","level":"info","event":"  compiled Code at target/run/my_project/models/trip_summary.sql","logger":"airflow.task.hooks.airflow.providers.standard.hooks.subprocess.SubprocessHook"}
{"timestamp":"2025-04-30T07:47:53.338388","level":"info","event":"\u001b[0m07:47:53","logger":"airflow.task.hooks.airflow.providers.standard.hooks.subprocess.SubprocessHook"}
{"timestamp":"2025-04-30T07:47:53.339503","level":"info","event":"\u001b[0m07:47:53  Done. PASS=0 WARN=0 ERROR=1 SKIP=0 TOTAL=1","logger":"airflow.task.hooks.airflow.providers.standard.hooks.subprocess.SubprocessHook"}
{"timestamp":"2025-04-30T07:47:53.341383","level":"info","event":"\u001b[0m07:47:53  Resource report: {\"command_name\": \"run\", \"command_wall_clock_time\": 2.1142325, \"process_user_time\": 5.035882, \"process_kernel_time\": 0.218519, \"process_mem_max_rss\": \"135612\", \"process_in_blocks\": \"16216\", \"process_out_blocks\": \"4640\", \"command_success\": false}","logger":"airflow.task.hooks.airflow.providers.standard.hooks.subprocess.SubprocessHook"}
{"timestamp":"2025-04-30T07:47:53.342800","level":"info","event":"\u001b[0m07:47:53  Command `dbt run` failed at 07:47:53.341663 after 2.12 seconds","logger":"airflow.task.hooks.airflow.providers.standard.hooks.subprocess.SubprocessHook"}
{"timestamp":"2025-04-30T07:47:53.343829","level":"info","event":"\u001b[0m07:47:53  Sending event: {'category': 'dbt', 'action': 'invocation', 'label': 'end', 'context': [<snowplow_tracker.self_describing_json.SelfDescribingJson object at 0x7f72ec1871a0>, <snowplow_tracker.self_describing_json.SelfDescribingJson object at 0x7f72e6715190>, <snowplow_tracker.self_describing_json.SelfDescribingJson object at 0x7f72e633bbf0>]}","logger":"airflow.task.hooks.airflow.providers.standard.hooks.subprocess.SubprocessHook"}
{"timestamp":"2025-04-30T07:47:53.344813","level":"info","event":"\u001b[0m07:47:53  Flushing usage events","logger":"airflow.task.hooks.airflow.providers.standard.hooks.subprocess.SubprocessHook"}
{"timestamp":"2025-04-30T07:47:54.797347","level":"info","event":"Command exited with return code 0","logger":"airflow.task.hooks.airflow.providers.standard.hooks.subprocess.SubprocessHook"}
{"timestamp":"2025-04-30T07:47:54.798184","level":"info","event":"Pushing xcom","ti":"RuntimeTaskInstance(id=UUID('019685aa-830b-7a3a-b954-51c55200a7f4'), task_id='dbt_run', dag_id='dbt_run_with_logging', run_id='scheduled__2025-04-30T00:00:00+00:00', try_number=1, map_index=-1, hostname='2e836e188ef0', context_carrier=None, task=<Task(BashOperator): dbt_run>, bundle_instance=LocalDagBundle(name=dags-folder), max_tries=0, start_date=datetime.datetime(2025, 4, 30, 7, 47, 46, 760042, tzinfo=TzInfo(UTC)), end_date=None, is_mapped=False)","logger":"task"}
