{"timestamp":"2025-05-02T14:31:54.419774","level":"info","event":"DAG bundles loaded: dags-folder","logger":"airflow.dag_processing.bundles.manager.DagBundlesManager"}
{"timestamp":"2025-05-02T14:31:54.420425","level":"info","event":"Filling up the DagBag from /opt/airflow/dags/run_dbt_dag.py","logger":"airflow.models.dagbag.DagBag"}
{"timestamp":"2025-05-02T14:31:54.440203","level":"info","event":"Tmp dir root location: /tmp","logger":"airflow.task.hooks.airflow.providers.standard.hooks.subprocess.SubprocessHook"}
{"timestamp":"2025-05-02T14:31:54.440765","level":"info","event":"Running command: ['/usr/bin/bash', '-c', 'cd /opt/airflow/dbt && dbt run --profiles-dir /opt/airflow/dbt --project-dir . --log-path /opt/airflow/logs --log-level debug 2>&1 | tee /opt/airflow/logs/dbt_run_20250502T143150.log']","logger":"airflow.task.hooks.airflow.providers.standard.hooks.subprocess.SubprocessHook"}
{"timestamp":"2025-05-02T14:31:54.450586","level":"info","event":"Output:","logger":"airflow.task.hooks.airflow.providers.standard.hooks.subprocess.SubprocessHook"}
{"timestamp":"2025-05-02T14:31:59.084641","level":"info","event":"\u001b[0m14:31:59  Sending event: {'category': 'dbt', 'action': 'invocation', 'label': 'start', 'context': [<snowplow_tracker.self_describing_json.SelfDescribingJson object at 0x7fcfade10380>, <snowplow_tracker.self_describing_json.SelfDescribingJson object at 0x7fcfae2b74a0>, <snowplow_tracker.self_describing_json.SelfDescribingJson object at 0x7fcfade117f0>]}","logger":"airflow.task.hooks.airflow.providers.standard.hooks.subprocess.SubprocessHook"}
{"timestamp":"2025-05-02T14:31:59.086645","level":"info","event":"\u001b[0m14:31:59  Running with dbt=1.7.6","logger":"airflow.task.hooks.airflow.providers.standard.hooks.subprocess.SubprocessHook"}
{"timestamp":"2025-05-02T14:31:59.087893","level":"info","event":"\u001b[0m14:31:59  running dbt with arguments {'printer_width': '80', 'indirect_selection': 'eager', 'write_json': 'True', 'log_cache_events': 'False', 'partial_parse': 'True', 'cache_selected_only': 'False', 'warn_error': 'None', 'fail_fast': 'False', 'debug': 'False', 'log_path': '/opt/airflow/logs', 'version_check': 'True', 'profiles_dir': '/opt/airflow/dbt', 'use_colors': 'True', 'use_experimental_parser': 'False', 'no_print': 'None', 'quiet': 'False', 'warn_error_options': 'WarnErrorOptions(include=[], exclude=[])', 'invocation_command': 'dbt run --profiles-dir /opt/airflow/dbt --project-dir . --log-path /opt/airflow/logs --log-level debug', 'log_format': 'default', 'introspect': 'True', 'target_path': 'None', 'static_parser': 'True', 'send_anonymous_usage_stats': 'True'}","logger":"airflow.task.hooks.airflow.providers.standard.hooks.subprocess.SubprocessHook"}
{"timestamp":"2025-05-02T14:31:59.261636","level":"info","event":"\u001b[0m14:31:59  [\u001b[33mWARNING\u001b[0m]: Deprecated functionality","logger":"airflow.task.hooks.airflow.providers.standard.hooks.subprocess.SubprocessHook"}
{"timestamp":"2025-05-02T14:31:59.261942","level":"info","event":"The `target-path` config in `dbt_project.yml` has been deprecated, and will no","logger":"airflow.task.hooks.airflow.providers.standard.hooks.subprocess.SubprocessHook"}
{"timestamp":"2025-05-02T14:31:59.262044","level":"info","event":"longer be supported in a future version of dbt-core. If you wish to write dbt","logger":"airflow.task.hooks.airflow.providers.standard.hooks.subprocess.SubprocessHook"}
{"timestamp":"2025-05-02T14:31:59.262155","level":"info","event":"artifacts to a custom directory, please use the --target-path CLI flag or","logger":"airflow.task.hooks.airflow.providers.standard.hooks.subprocess.SubprocessHook"}
{"timestamp":"2025-05-02T14:31:59.262315","level":"info","event":"DBT_TARGET_PATH env var instead.","logger":"airflow.task.hooks.airflow.providers.standard.hooks.subprocess.SubprocessHook"}
{"timestamp":"2025-05-02T14:31:59.262619","level":"info","event":"\u001b[0m14:31:59  Sending event: {'category': 'dbt', 'action': 'deprecation', 'label': '85c69075-6227-4f2a-a9cb-cb594e2b5521', 'property_': 'warn', 'context': [<snowplow_tracker.self_describing_json.SelfDescribingJson object at 0x7fcfadd93d10>]}","logger":"airflow.task.hooks.airflow.providers.standard.hooks.subprocess.SubprocessHook"}
{"timestamp":"2025-05-02T14:31:59.355190","level":"info","event":"\u001b[0m14:31:59  Encountered an error:","logger":"airflow.task.hooks.airflow.providers.standard.hooks.subprocess.SubprocessHook"}
{"timestamp":"2025-05-02T14:31:59.355405","level":"info","event":"Runtime Error","logger":"airflow.task.hooks.airflow.providers.standard.hooks.subprocess.SubprocessHook"}
{"timestamp":"2025-05-02T14:31:59.355547","level":"info","event":"  at path ['target-path']: ['target'] is not valid under any of the given schemas","logger":"airflow.task.hooks.airflow.providers.standard.hooks.subprocess.SubprocessHook"}
{"timestamp":"2025-05-02T14:31:59.355671","level":"info","event":"","logger":"airflow.task.hooks.airflow.providers.standard.hooks.subprocess.SubprocessHook"}
{"timestamp":"2025-05-02T14:31:59.355791","level":"info","event":"Error encountered in ./dbt_project.yml","logger":"airflow.task.hooks.airflow.providers.standard.hooks.subprocess.SubprocessHook"}
{"timestamp":"2025-05-02T14:31:59.357130","level":"info","event":"\u001b[0m14:31:59  Resource report: {\"command_name\": \"run\", \"command_wall_clock_time\": 0.42554063, \"process_user_time\": 4.024784, \"process_kernel_time\": 0.25902, \"process_mem_max_rss\": \"121940\", \"process_in_blocks\": \"15688\", \"process_out_blocks\": \"4840\", \"command_success\": false}","logger":"airflow.task.hooks.airflow.providers.standard.hooks.subprocess.SubprocessHook"}
{"timestamp":"2025-05-02T14:31:59.359117","level":"info","event":"\u001b[0m14:31:59  Command `dbt run` failed at 14:31:59.357896 after 0.43 seconds","logger":"airflow.task.hooks.airflow.providers.standard.hooks.subprocess.SubprocessHook"}
{"timestamp":"2025-05-02T14:31:59.360419","level":"info","event":"\u001b[0m14:31:59  Sending event: {'category': 'dbt', 'action': 'invocation', 'label': 'end', 'context': [<snowplow_tracker.self_describing_json.SelfDescribingJson object at 0x7fcfade0f050>, <snowplow_tracker.self_describing_json.SelfDescribingJson object at 0x7fcfaded40e0>, <snowplow_tracker.self_describing_json.SelfDescribingJson object at 0x7fcfae0c9e50>]}","logger":"airflow.task.hooks.airflow.providers.standard.hooks.subprocess.SubprocessHook"}
{"timestamp":"2025-05-02T14:31:59.361425","level":"info","event":"\u001b[0m14:31:59  Flushing usage events","logger":"airflow.task.hooks.airflow.providers.standard.hooks.subprocess.SubprocessHook"}
{"timestamp":"2025-05-02T14:32:00.800736","level":"info","event":"Command exited with return code 0","logger":"airflow.task.hooks.airflow.providers.standard.hooks.subprocess.SubprocessHook"}
{"timestamp":"2025-05-02T14:32:00.801577","level":"info","event":"Pushing xcom","ti":"RuntimeTaskInstance(id=UUID('01969169-32b8-71c7-999f-77d52c9fe6c2'), task_id='dbt_run', dag_id='dbt_run_with_logging', run_id='manual__2025-05-02T14:31:52.726873+00:00', try_number=1, map_index=-1, hostname='ce02af881ded', context_carrier=None, task=<Task(BashOperator): dbt_run>, bundle_instance=LocalDagBundle(name=dags-folder), max_tries=0, start_date=datetime.datetime(2025, 5, 2, 14, 31, 53, 982211, tzinfo=TzInfo(UTC)), end_date=None, is_mapped=False)","logger":"task"}
