{"timestamp":"2025-04-29T16:50:47.138820","level":"info","event":"DAG bundles loaded: dags-folder","logger":"airflow.dag_processing.bundles.manager.DagBundlesManager"}
{"timestamp":"2025-04-29T16:50:47.139867","level":"info","event":"Filling up the DagBag from /opt/airflow/dags/run_dbt_dag.py","logger":"airflow.models.dagbag.DagBag"}
{"timestamp":"2025-04-29T16:50:47.163245","level":"info","event":"Tmp dir root location: /tmp","logger":"airflow.task.hooks.airflow.providers.standard.hooks.subprocess.SubprocessHook"}
{"timestamp":"2025-04-29T16:50:47.164573","level":"info","event":"Running command: ['/usr/bin/bash', '-c', 'mkdir -p /opt/airflow/dbt/your_dbt_project/logs && cd /opt/airflow/dbt/your_dbt_project && dbt run --log-path /opt/airflow/dbt/your_dbt_project/logs --log-level debug 2>&1 | tee /opt/airflow/dbt/your_dbt_project/logs/dbt_run_20250429T000000.log']","logger":"airflow.task.hooks.airflow.providers.standard.hooks.subprocess.SubprocessHook"}
{"timestamp":"2025-04-29T16:50:47.184798","level":"info","event":"Output:","logger":"airflow.task.hooks.airflow.providers.standard.hooks.subprocess.SubprocessHook"}
{"timestamp":"2025-04-29T16:50:50.094831","level":"info","event":"Usage: dbt run [OPTIONS]","logger":"airflow.task.hooks.airflow.providers.standard.hooks.subprocess.SubprocessHook"}
{"timestamp":"2025-04-29T16:50:50.094993","level":"info","event":"Try 'dbt run -h' for help.","logger":"airflow.task.hooks.airflow.providers.standard.hooks.subprocess.SubprocessHook"}
{"timestamp":"2025-04-29T16:50:50.095104","level":"info","event":"","logger":"airflow.task.hooks.airflow.providers.standard.hooks.subprocess.SubprocessHook"}
{"timestamp":"2025-04-29T16:50:50.095194","level":"info","event":"Error: Invalid value for '--profiles-dir': Path '/home/airflow/.dbt' does not exist.","logger":"airflow.task.hooks.airflow.providers.standard.hooks.subprocess.SubprocessHook"}
{"timestamp":"2025-04-29T16:50:50.375703","level":"info","event":"Command exited with return code 0","logger":"airflow.task.hooks.airflow.providers.standard.hooks.subprocess.SubprocessHook"}
{"timestamp":"2025-04-29T16:50:50.376648","level":"info","event":"Pushing xcom","ti":"RuntimeTaskInstance(id=UUID('01968275-45f0-7170-b0a1-2d67e3061187'), task_id='dbt_run', dag_id='dbt_run_with_logging', run_id='scheduled__2025-04-29T00:00:00+00:00', try_number=1, map_index=-1, hostname='7d6fe06a554a', context_carrier=None, task=<Task(BashOperator): dbt_run>, bundle_instance=LocalDagBundle(name=dags-folder), max_tries=0, start_date=datetime.datetime(2025, 4, 29, 16, 50, 46, 105089, tzinfo=TzInfo(UTC)), end_date=None, is_mapped=False)","logger":"task"}
{"timestamp":"2025-04-29T17:20:46.879107","level":"info","event":"DAG bundles loaded: dags-folder","logger":"airflow.dag_processing.bundles.manager.DagBundlesManager"}
{"timestamp":"2025-04-29T17:20:46.879624","level":"info","event":"Filling up the DagBag from /opt/airflow/dags/run_dbt_dag.py","logger":"airflow.models.dagbag.DagBag"}
{"timestamp":"2025-04-29T17:20:46.899559","level":"info","event":"Tmp dir root location: /tmp","logger":"airflow.task.hooks.airflow.providers.standard.hooks.subprocess.SubprocessHook"}
{"timestamp":"2025-04-29T17:20:46.900169","level":"info","event":"Running command: ['/usr/bin/bash', '-c', 'mkdir -p /dbt/my_project/logs && cd /dbt/my_project && dbt run --log-path /dbt/my_project/logs --log-level debug 2>&1 | tee /dbt/my_project/logs/dbt_run_20250429T000000.log']","logger":"airflow.task.hooks.airflow.providers.standard.hooks.subprocess.SubprocessHook"}
{"timestamp":"2025-04-29T17:20:46.910973","level":"info","event":"Output:","logger":"airflow.task.hooks.airflow.providers.standard.hooks.subprocess.SubprocessHook"}
{"timestamp":"2025-04-29T17:20:46.914659","level":"info","event":"mkdir: cannot create directory ‘/dbt’: Permission denied","logger":"airflow.task.hooks.airflow.providers.standard.hooks.subprocess.SubprocessHook"}
{"timestamp":"2025-04-29T17:20:46.915233","level":"info","event":"Command exited with return code 1","logger":"airflow.task.hooks.airflow.providers.standard.hooks.subprocess.SubprocessHook"}
{"timestamp":"2025-04-29T17:20:46.915784","level":"error","event":"Task failed with exception","logger":"task","error_detail":[{"exc_type":"AirflowException","exc_value":"Bash command failed. The command returned a non-zero exit code 1.","exc_notes":[],"syntax_error":null,"is_cause":false,"frames":[{"filename":"/home/airflow/.local/lib/python3.12/site-packages/airflow/sdk/execution_time/task_runner.py","lineno":825,"name":"run"},{"filename":"/home/airflow/.local/lib/python3.12/site-packages/airflow/sdk/execution_time/task_runner.py","lineno":1088,"name":"_execute_task"},{"filename":"/home/airflow/.local/lib/python3.12/site-packages/airflow/sdk/bases/operator.py","lineno":408,"name":"wrapper"},{"filename":"/home/airflow/.local/lib/python3.12/site-packages/airflow/providers/standard/operators/bash.py","lineno":233,"name":"execute"}]}]}
{"timestamp":"2025-04-29T17:59:36.538303","level":"info","event":"DAG bundles loaded: dags-folder","logger":"airflow.dag_processing.bundles.manager.DagBundlesManager"}
{"timestamp":"2025-04-29T17:59:36.539081","level":"info","event":"Filling up the DagBag from /opt/airflow/dags/run_dbt_dag.py","logger":"airflow.models.dagbag.DagBag"}
{"timestamp":"2025-04-29T17:59:36.562157","level":"info","event":"Tmp dir root location: /tmp","logger":"airflow.task.hooks.airflow.providers.standard.hooks.subprocess.SubprocessHook"}
{"timestamp":"2025-04-29T17:59:36.562912","level":"info","event":"Running command: ['/usr/bin/bash', '-c', 'cd /opt/airflow/dbt && dbt run --profiles-dir /opt/airflow/dbt --project-dir . --log-path /opt/airflow/logs --log-level debug 2>&1 | tee /opt/airflow/logs/dbt_run_20250429T000000.log']","logger":"airflow.task.hooks.airflow.providers.standard.hooks.subprocess.SubprocessHook"}
{"timestamp":"2025-04-29T17:59:36.571245","level":"info","event":"Output:","logger":"airflow.task.hooks.airflow.providers.standard.hooks.subprocess.SubprocessHook"}
{"timestamp":"2025-04-29T17:59:40.454563","level":"info","event":"\u001b[0m17:59:40  Sending event: {'category': 'dbt', 'action': 'invocation', 'label': 'start', 'context': [<snowplow_tracker.self_describing_json.SelfDescribingJson object at 0x7f108f5f4cb0>, <snowplow_tracker.self_describing_json.SelfDescribingJson object at 0x7f108f4ee4b0>, <snowplow_tracker.self_describing_json.SelfDescribingJson object at 0x7f108f4f7200>]}","logger":"airflow.task.hooks.airflow.providers.standard.hooks.subprocess.SubprocessHook"}
{"timestamp":"2025-04-29T17:59:40.455793","level":"info","event":"\u001b[0m17:59:40  Running with dbt=1.7.6","logger":"airflow.task.hooks.airflow.providers.standard.hooks.subprocess.SubprocessHook"}
{"timestamp":"2025-04-29T17:59:40.456988","level":"info","event":"\u001b[0m17:59:40  running dbt with arguments {'printer_width': '80', 'indirect_selection': 'eager', 'log_cache_events': 'False', 'write_json': 'True', 'partial_parse': 'True', 'cache_selected_only': 'False', 'profiles_dir': '/opt/airflow/dbt', 'debug': 'False', 'fail_fast': 'False', 'log_path': '/opt/airflow/logs', 'warn_error': 'None', 'version_check': 'True', 'use_colors': 'True', 'use_experimental_parser': 'False', 'no_print': 'None', 'quiet': 'False', 'log_format': 'default', 'introspect': 'True', 'warn_error_options': 'WarnErrorOptions(include=[], exclude=[])', 'static_parser': 'True', 'target_path': 'None', 'invocation_command': 'dbt run --profiles-dir /opt/airflow/dbt --project-dir . --log-path /opt/airflow/logs --log-level debug', 'send_anonymous_usage_stats': 'True'}","logger":"airflow.task.hooks.airflow.providers.standard.hooks.subprocess.SubprocessHook"}
{"timestamp":"2025-04-29T17:59:40.458385","level":"info","event":"\u001b[0m17:59:40  Encountered an error:","logger":"airflow.task.hooks.airflow.providers.standard.hooks.subprocess.SubprocessHook"}
{"timestamp":"2025-04-29T17:59:40.458557","level":"info","event":"Runtime Error","logger":"airflow.task.hooks.airflow.providers.standard.hooks.subprocess.SubprocessHook"}
{"timestamp":"2025-04-29T17:59:40.458650","level":"info","event":"  No dbt_project.yml found at expected path ./dbt_project.yml","logger":"airflow.task.hooks.airflow.providers.standard.hooks.subprocess.SubprocessHook"}
{"timestamp":"2025-04-29T17:59:40.458744","level":"info","event":"  Verify that each entry within packages.yml (and their transitive dependencies) contains a file named dbt_project.yml","logger":"airflow.task.hooks.airflow.providers.standard.hooks.subprocess.SubprocessHook"}
{"timestamp":"2025-04-29T17:59:40.458923","level":"info","event":"","logger":"airflow.task.hooks.airflow.providers.standard.hooks.subprocess.SubprocessHook"}
{"timestamp":"2025-04-29T17:59:40.459903","level":"info","event":"\u001b[0m17:59:40  Resource report: {\"command_name\": \"run\", \"command_wall_clock_time\": 0.044323258, \"process_user_time\": 3.587091, \"process_kernel_time\": 0.229813, \"process_mem_max_rss\": \"121584\", \"process_in_blocks\": \"1728\", \"process_out_blocks\": \"4256\", \"command_success\": false}","logger":"airflow.task.hooks.airflow.providers.standard.hooks.subprocess.SubprocessHook"}
{"timestamp":"2025-04-29T17:59:40.460850","level":"info","event":"\u001b[0m17:59:40  Command `dbt run` failed at 17:59:40.460178 after 0.05 seconds","logger":"airflow.task.hooks.airflow.providers.standard.hooks.subprocess.SubprocessHook"}
{"timestamp":"2025-04-29T17:59:40.462003","level":"info","event":"\u001b[0m17:59:40  Sending event: {'category': 'dbt', 'action': 'invocation', 'label': 'end', 'context': [<snowplow_tracker.self_describing_json.SelfDescribingJson object at 0x7f1093f1b1a0>, <snowplow_tracker.self_describing_json.SelfDescribingJson object at 0x7f108f5f9460>, <snowplow_tracker.self_describing_json.SelfDescribingJson object at 0x7f108f4ee4e0>]}","logger":"airflow.task.hooks.airflow.providers.standard.hooks.subprocess.SubprocessHook"}
{"timestamp":"2025-04-29T17:59:40.462995","level":"info","event":"\u001b[0m17:59:40  Flushing usage events","logger":"airflow.task.hooks.airflow.providers.standard.hooks.subprocess.SubprocessHook"}
{"timestamp":"2025-04-29T17:59:41.762841","level":"info","event":"Command exited with return code 0","logger":"airflow.task.hooks.airflow.providers.standard.hooks.subprocess.SubprocessHook"}
{"timestamp":"2025-04-29T17:59:41.763702","level":"info","event":"Pushing xcom","ti":"RuntimeTaskInstance(id=UUID('019682b4-4a67-7234-914e-fb7598c11a87'), task_id='dbt_run', dag_id='dbt_run_with_logging', run_id='scheduled__2025-04-29T00:00:00+00:00', try_number=1, map_index=-1, hostname='453083c4cd67', context_carrier=None, task=<Task(BashOperator): dbt_run>, bundle_instance=LocalDagBundle(name=dags-folder), max_tries=0, start_date=datetime.datetime(2025, 4, 29, 17, 59, 36, 29496, tzinfo=TzInfo(UTC)), end_date=None, is_mapped=False)","logger":"task"}
