[0m07:47:51  Sending event: {'category': 'dbt', 'action': 'invocation', 'label': 'start', 'context': [<snowplow_tracker.self_describing_json.SelfDescribingJson object at 0x7f72e749f9b0>, <snowplow_tracker.self_describing_json.SelfDescribingJson object at 0x7f72e84bafc0>, <snowplow_tracker.self_describing_json.SelfDescribingJson object at 0x7f72e7558da0>]}
[0m07:47:51  Running with dbt=1.7.6
[0m07:47:51  running dbt with arguments {'printer_width': '80', 'indirect_selection': 'eager', 'write_json': 'True', 'log_cache_events': 'False', 'partial_parse': 'True', 'cache_selected_only': 'False', 'profiles_dir': '/opt/airflow/dbt', 'version_check': 'True', 'fail_fast': 'False', 'log_path': '/opt/airflow/logs', 'warn_error': 'None', 'debug': 'False', 'use_colors': 'True', 'use_experimental_parser': 'False', 'no_print': 'None', 'quiet': 'False', 'log_format': 'default', 'introspect': 'True', 'invocation_command': 'dbt run --profiles-dir /opt/airflow/dbt --project-dir . --log-path /opt/airflow/logs --log-level debug', 'warn_error_options': 'WarnErrorOptions(include=[], exclude=[])', 'target_path': 'None', 'static_parser': 'True', 'send_anonymous_usage_stats': 'True'}
[0m07:47:51  Sending event: {'category': 'dbt', 'action': 'project_id', 'label': '52fe4805-5f0e-4e51-9a17-9a8357e2f7fc', 'context': [<snowplow_tracker.self_describing_json.SelfDescribingJson object at 0x7f72e7750950>]}
[0m07:47:51  Sending event: {'category': 'dbt', 'action': 'adapter_info', 'label': '52fe4805-5f0e-4e51-9a17-9a8357e2f7fc', 'context': [<snowplow_tracker.self_describing_json.SelfDescribingJson object at 0x7f72e87a61e0>]}
[0m07:47:51  Registered adapter: postgres=1.7.6
[0m07:47:51  checksum: d62e513342251256fdf8c77c78ccf3e0bf76720e6e4e8384a98b7479399def9a, vars: {}, profile: , target: , version: 1.7.6
[0m07:47:51  Unable to do partial parsing because saved manifest not found. Starting full parse.
[0m07:47:51  Sending event: {'category': 'dbt', 'action': 'partial_parser', 'label': '52fe4805-5f0e-4e51-9a17-9a8357e2f7fc', 'context': [<snowplow_tracker.self_describing_json.SelfDescribingJson object at 0x7f72e6fe7050>]}
[0m07:47:52  Sending event: {'category': 'dbt', 'action': 'load_project', 'label': '52fe4805-5f0e-4e51-9a17-9a8357e2f7fc', 'context': [<snowplow_tracker.self_describing_json.SelfDescribingJson object at 0x7f72e70b1400>]}
[0m07:47:52  Sending event: {'category': 'dbt', 'action': 'resource_counts', 'label': '52fe4805-5f0e-4e51-9a17-9a8357e2f7fc', 'context': [<snowplow_tracker.self_describing_json.SelfDescribingJson object at 0x7f72e67a3b90>]}
[0m07:47:52  Found 1 model, 0 sources, 0 exposures, 0 metrics, 401 macros, 0 groups, 0 semantic models
[0m07:47:52  Sending event: {'category': 'dbt', 'action': 'runnable_timing', 'label': '52fe4805-5f0e-4e51-9a17-9a8357e2f7fc', 'context': [<snowplow_tracker.self_describing_json.SelfDescribingJson object at 0x7f72e7011070>]}
[0m07:47:52  
[0m07:47:52  Acquiring new postgres connection 'master'
[0m07:47:52  Acquiring new postgres connection 'list_analytics'
[0m07:47:52  Using postgres connection "list_analytics"
[0m07:47:52  On list_analytics: /* {"app": "dbt", "dbt_version": "1.7.6", "profile_name": "my_project", "target_name": "dev", "connection_name": "list_analytics"} */

    select distinct nspname from pg_namespace
  
[0m07:47:52  Opening a new connection, currently in state init
[0m07:47:52  SQL status: SELECT 4 in 0.0 seconds
[0m07:47:52  On list_analytics: Close
[0m07:47:52  Re-using an available connection from the pool (formerly list_analytics, now list_analytics_public)
[0m07:47:52  Using postgres connection "list_analytics_public"
[0m07:47:52  On list_analytics_public: BEGIN
[0m07:47:52  Opening a new connection, currently in state closed
[0m07:47:52  SQL status: BEGIN in 0.0 seconds
[0m07:47:52  Using postgres connection "list_analytics_public"
[0m07:47:52  On list_analytics_public: /* {"app": "dbt", "dbt_version": "1.7.6", "profile_name": "my_project", "target_name": "dev", "connection_name": "list_analytics_public"} */
select
      'analytics' as database,
      tablename as name,
      schemaname as schema,
      'table' as type
    from pg_tables
    where schemaname ilike 'public'
    union all
    select
      'analytics' as database,
      viewname as name,
      schemaname as schema,
      'view' as type
    from pg_views
    where schemaname ilike 'public'
    union all
    select
      'analytics' as database,
      matviewname as name,
      schemaname as schema,
      'materialized_view' as type
    from pg_matviews
    where schemaname ilike 'public'
  
[0m07:47:52  SQL status: SELECT 1 in 0.0 seconds
[0m07:47:52  On list_analytics_public: ROLLBACK
[0m07:47:52  On list_analytics_public: Close
[0m07:47:52  Using postgres connection "master"
[0m07:47:52  On master: BEGIN
[0m07:47:52  Opening a new connection, currently in state init
[0m07:47:52  SQL status: BEGIN in 0.0 seconds
[0m07:47:52  Using postgres connection "master"
[0m07:47:52  On master: /* {"app": "dbt", "dbt_version": "1.7.6", "profile_name": "my_project", "target_name": "dev", "connection_name": "master"} */
with relation as (
        select
            pg_rewrite.ev_class as class,
            pg_rewrite.oid as id
        from pg_rewrite
    ),
    class as (
        select
            oid as id,
            relname as name,
            relnamespace as schema,
            relkind as kind
        from pg_class
    ),
    dependency as (
        select distinct
            pg_depend.objid as id,
            pg_depend.refobjid as ref
        from pg_depend
    ),
    schema as (
        select
            pg_namespace.oid as id,
            pg_namespace.nspname as name
        from pg_namespace
        where nspname != 'information_schema' and nspname not like 'pg\_%'
    ),
    referenced as (
        select
            relation.id AS id,
            referenced_class.name ,
            referenced_class.schema ,
            referenced_class.kind
        from relation
        join class as referenced_class on relation.class=referenced_class.id
        where referenced_class.kind in ('r', 'v', 'm')
    ),
    relationships as (
        select
            referenced.name as referenced_name,
            referenced.schema as referenced_schema_id,
            dependent_class.name as dependent_name,
            dependent_class.schema as dependent_schema_id,
            referenced.kind as kind
        from referenced
        join dependency on referenced.id=dependency.id
        join class as dependent_class on dependency.ref=dependent_class.id
        where
            (referenced.name != dependent_class.name or
             referenced.schema != dependent_class.schema)
    )

    select
        referenced_schema.name as referenced_schema,
        relationships.referenced_name as referenced_name,
        dependent_schema.name as dependent_schema,
        relationships.dependent_name as dependent_name
    from relationships
    join schema as dependent_schema on relationships.dependent_schema_id=dependent_schema.id
    join schema as referenced_schema on relationships.referenced_schema_id=referenced_schema.id
    group by referenced_schema, referenced_name, dependent_schema, dependent_name
    order by referenced_schema, referenced_name, dependent_schema, dependent_name;
[0m07:47:52  SQL status: SELECT 0 in 0.0 seconds
[0m07:47:52  Sending event: {'category': 'dbt', 'action': 'runnable_timing', 'label': '52fe4805-5f0e-4e51-9a17-9a8357e2f7fc', 'context': [<snowplow_tracker.self_describing_json.SelfDescribingJson object at 0x7f72e67730b0>]}
[0m07:47:52  On master: ROLLBACK
[0m07:47:52  Using postgres connection "master"
[0m07:47:52  On master: BEGIN
[0m07:47:52  SQL status: BEGIN in 0.0 seconds
[0m07:47:52  On master: COMMIT
[0m07:47:52  Using postgres connection "master"
[0m07:47:52  On master: COMMIT
[0m07:47:52  SQL status: COMMIT in 0.0 seconds
[0m07:47:52  On master: Close
[0m07:47:52  Concurrency: 1 threads (target='dev')
[0m07:47:52  
[0m07:47:52  Began running node model.my_project.trip_summary
[0m07:47:52  1 of 1 START sql view model public.trip_summary ................................ [RUN]
[0m07:47:52  Re-using an available connection from the pool (formerly list_analytics_public, now model.my_project.trip_summary)
[0m07:47:52  Began compiling node model.my_project.trip_summary
[0m07:47:52  Writing injected SQL for node "model.my_project.trip_summary"
[0m07:47:52  Timing info for model.my_project.trip_summary (compile): 07:47:52.969082 => 07:47:52.993706
[0m07:47:52  Began executing node model.my_project.trip_summary
[0m07:47:53  Writing runtime sql for node "model.my_project.trip_summary"
[0m07:47:53  Using postgres connection "model.my_project.trip_summary"
[0m07:47:53  On model.my_project.trip_summary: BEGIN
[0m07:47:53  Opening a new connection, currently in state closed
[0m07:47:53  SQL status: BEGIN in 0.0 seconds
[0m07:47:53  Using postgres connection "model.my_project.trip_summary"
[0m07:47:53  On model.my_project.trip_summary: /* {"app": "dbt", "dbt_version": "1.7.6", "profile_name": "my_project", "target_name": "dev", "node_id": "model.my_project.trip_summary"} */

  create view "analytics"."public"."trip_summary__dbt_tmp"
    
    
  as (
    
SELECT
    trip_date,
    COUNT(*) AS trip_count,
    SUM(fare) AS total_revenue
FROM trips
GROUP BY trip_date
ORDER BY trip_date
  );
[0m07:47:53  SQL status: CREATE VIEW in 0.0 seconds
[0m07:47:53  Using postgres connection "model.my_project.trip_summary"
[0m07:47:53  On model.my_project.trip_summary: /* {"app": "dbt", "dbt_version": "1.7.6", "profile_name": "my_project", "target_name": "dev", "node_id": "model.my_project.trip_summary"} */
alter table "analytics"."public"."trip_summary__dbt_tmp" rename to "trip_summary"
[0m07:47:53  Postgres adapter: Postgres error: relation "trip_summary" already exists

[0m07:47:53  On model.my_project.trip_summary: ROLLBACK
[0m07:47:53  Postgres adapter: Error running SQL: macro rename_relation
[0m07:47:53  Postgres adapter: Rolling back transaction.
[0m07:47:53  Timing info for model.my_project.trip_summary (execute): 07:47:52.997365 => 07:47:53.208981
[0m07:47:53  On model.my_project.trip_summary: Close
[0m07:47:53  Database Error in model trip_summary (models/trip_summary.sql)
  relation "trip_summary" already exists
  compiled Code at target/run/my_project/models/trip_summary.sql
[0m07:47:53  Sending event: {'category': 'dbt', 'action': 'run_model', 'label': '52fe4805-5f0e-4e51-9a17-9a8357e2f7fc', 'context': [<snowplow_tracker.self_describing_json.SelfDescribingJson object at 0x7f72e67a7a10>]}
[0m07:47:53  1 of 1 ERROR creating sql view model public.trip_summary ....................... [[31mERROR[0m in 0.26s]
[0m07:47:53  Finished running node model.my_project.trip_summary
[0m07:47:53  Using postgres connection "master"
[0m07:47:53  On master: BEGIN
[0m07:47:53  Opening a new connection, currently in state closed
[0m07:47:53  SQL status: BEGIN in 0.0 seconds
[0m07:47:53  On master: COMMIT
[0m07:47:53  Using postgres connection "master"
[0m07:47:53  On master: COMMIT
[0m07:47:53  SQL status: COMMIT in 0.0 seconds
[0m07:47:53  On master: Close
[0m07:47:53  Connection 'master' was properly closed.
[0m07:47:53  Connection 'model.my_project.trip_summary' was properly closed.
[0m07:47:53  
[0m07:47:53  Finished running 1 view model in 0 hours 0 minutes and 0.42 seconds (0.42s).
[0m07:47:53  Command end result
[0m07:47:53  
[0m07:47:53  [31mCompleted with 1 error and 0 warnings:[0m
[0m07:47:53  
[0m07:47:53    Database Error in model trip_summary (models/trip_summary.sql)
  relation "trip_summary" already exists
  compiled Code at target/run/my_project/models/trip_summary.sql
[0m07:47:53  
[0m07:47:53  Done. PASS=0 WARN=0 ERROR=1 SKIP=0 TOTAL=1
[0m07:47:53  Resource report: {"command_name": "run", "command_wall_clock_time": 2.1142325, "process_user_time": 5.035882, "process_kernel_time": 0.218519, "process_mem_max_rss": "135612", "process_in_blocks": "16216", "process_out_blocks": "4640", "command_success": false}
[0m07:47:53  Command `dbt run` failed at 07:47:53.341663 after 2.12 seconds
[0m07:47:53  Sending event: {'category': 'dbt', 'action': 'invocation', 'label': 'end', 'context': [<snowplow_tracker.self_describing_json.SelfDescribingJson object at 0x7f72ec1871a0>, <snowplow_tracker.self_describing_json.SelfDescribingJson object at 0x7f72e6715190>, <snowplow_tracker.self_describing_json.SelfDescribingJson object at 0x7f72e633bbf0>]}
[0m07:47:53  Flushing usage events
