{"timestamp":"2025-05-06T11:30:43.445112","level":"info","event":"DAG bundles loaded: dags-folder","logger":"airflow.dag_processing.bundles.manager.DagBundlesManager"}
{"timestamp":"2025-05-06T11:30:43.445760","level":"info","event":"Filling up the DagBag from /opt/airflow/dags/run_dbt_dag.py","logger":"airflow.models.dagbag.DagBag"}
{"timestamp":"2025-05-06T11:30:43.467323","level":"info","event":"Tmp dir root location: /tmp","logger":"airflow.task.hooks.airflow.providers.standard.hooks.subprocess.SubprocessHook"}
{"timestamp":"2025-05-06T11:30:43.468000","level":"info","event":"Running command: ['/usr/bin/bash', '-c', 'cd /opt/airflow/dbt && dbt run --profiles-dir /opt/airflow/dbt --project-dir . --log-path /opt/airflow/logs --log-level debug 2>&1 | tee /opt/airflow/logs/dbt_run_20250506T113040.log']","logger":"airflow.task.hooks.airflow.providers.standard.hooks.subprocess.SubprocessHook"}
{"timestamp":"2025-05-06T11:30:43.478650","level":"info","event":"Output:","logger":"airflow.task.hooks.airflow.providers.standard.hooks.subprocess.SubprocessHook"}
{"timestamp":"2025-05-06T11:30:47.457160","level":"info","event":"\u001b[0m11:30:47  Sending event: {'category': 'dbt', 'action': 'invocation', 'label': 'start', 'context': [<snowplow_tracker.self_describing_json.SelfDescribingJson object at 0x7f6463d24fb0>, <snowplow_tracker.self_describing_json.SelfDescribingJson object at 0x7f6463ed5490>, <snowplow_tracker.self_describing_json.SelfDescribingJson object at 0x7f6463ed6e70>]}","logger":"airflow.task.hooks.airflow.providers.standard.hooks.subprocess.SubprocessHook"}
{"timestamp":"2025-05-06T11:30:47.458539","level":"info","event":"\u001b[0m11:30:47  Running with dbt=1.7.6","logger":"airflow.task.hooks.airflow.providers.standard.hooks.subprocess.SubprocessHook"}
{"timestamp":"2025-05-06T11:30:47.459781","level":"info","event":"\u001b[0m11:30:47  running dbt with arguments {'printer_width': '80', 'indirect_selection': 'eager', 'write_json': 'True', 'log_cache_events': 'False', 'partial_parse': 'True', 'cache_selected_only': 'False', 'profiles_dir': '/opt/airflow/dbt', 'fail_fast': 'False', 'debug': 'False', 'log_path': '/opt/airflow/logs', 'version_check': 'True', 'warn_error': 'None', 'use_colors': 'True', 'use_experimental_parser': 'False', 'no_print': 'None', 'quiet': 'False', 'warn_error_options': 'WarnErrorOptions(include=[], exclude=[])', 'invocation_command': 'dbt run --profiles-dir /opt/airflow/dbt --project-dir . --log-path /opt/airflow/logs --log-level debug', 'introspect': 'True', 'log_format': 'default', 'target_path': 'None', 'static_parser': 'True', 'send_anonymous_usage_stats': 'True'}","logger":"airflow.task.hooks.airflow.providers.standard.hooks.subprocess.SubprocessHook"}
{"timestamp":"2025-05-06T11:30:47.595734","level":"info","event":"\u001b[0m11:30:47  [\u001b[33mWARNING\u001b[0m]: Deprecated functionality","logger":"airflow.task.hooks.airflow.providers.standard.hooks.subprocess.SubprocessHook"}
{"timestamp":"2025-05-06T11:30:47.595926","level":"info","event":"The `target-path` config in `dbt_project.yml` has been deprecated, and will no","logger":"airflow.task.hooks.airflow.providers.standard.hooks.subprocess.SubprocessHook"}
{"timestamp":"2025-05-06T11:30:47.595999","level":"info","event":"longer be supported in a future version of dbt-core. If you wish to write dbt","logger":"airflow.task.hooks.airflow.providers.standard.hooks.subprocess.SubprocessHook"}
{"timestamp":"2025-05-06T11:30:47.596057","level":"info","event":"artifacts to a custom directory, please use the --target-path CLI flag or","logger":"airflow.task.hooks.airflow.providers.standard.hooks.subprocess.SubprocessHook"}
{"timestamp":"2025-05-06T11:30:47.596163","level":"info","event":"DBT_TARGET_PATH env var instead.","logger":"airflow.task.hooks.airflow.providers.standard.hooks.subprocess.SubprocessHook"}
{"timestamp":"2025-05-06T11:30:47.596789","level":"info","event":"\u001b[0m11:30:47  Sending event: {'category': 'dbt', 'action': 'deprecation', 'label': '7b678e42-38be-45f8-8e8b-8fbcae9ae7ca', 'property_': 'warn', 'context': [<snowplow_tracker.self_describing_json.SelfDescribingJson object at 0x7f6463b4f710>]}","logger":"airflow.task.hooks.airflow.providers.standard.hooks.subprocess.SubprocessHook"}
{"timestamp":"2025-05-06T11:30:47.662085","level":"info","event":"\u001b[0m11:30:47  Encountered an error:","logger":"airflow.task.hooks.airflow.providers.standard.hooks.subprocess.SubprocessHook"}
{"timestamp":"2025-05-06T11:30:47.662304","level":"info","event":"Runtime Error","logger":"airflow.task.hooks.airflow.providers.standard.hooks.subprocess.SubprocessHook"}
{"timestamp":"2025-05-06T11:30:47.662603","level":"info","event":"  at path ['target-path']: ['target'] is not valid under any of the given schemas","logger":"airflow.task.hooks.airflow.providers.standard.hooks.subprocess.SubprocessHook"}
{"timestamp":"2025-05-06T11:30:47.662750","level":"info","event":"","logger":"airflow.task.hooks.airflow.providers.standard.hooks.subprocess.SubprocessHook"}
{"timestamp":"2025-05-06T11:30:47.662859","level":"info","event":"Error encountered in ./dbt_project.yml","logger":"airflow.task.hooks.airflow.providers.standard.hooks.subprocess.SubprocessHook"}
{"timestamp":"2025-05-06T11:30:47.663915","level":"info","event":"\u001b[0m11:30:47  Resource report: {\"command_name\": \"run\", \"command_wall_clock_time\": 0.28781083, \"process_user_time\": 3.428584, \"process_kernel_time\": 0.228572, \"process_mem_max_rss\": \"119836\", \"process_in_blocks\": \"32840\", \"process_out_blocks\": \"3608\", \"command_success\": false}","logger":"airflow.task.hooks.airflow.providers.standard.hooks.subprocess.SubprocessHook"}
{"timestamp":"2025-05-06T11:30:47.665272","level":"info","event":"\u001b[0m11:30:47  Command `dbt run` failed at 11:30:47.664294 after 0.29 seconds","logger":"airflow.task.hooks.airflow.providers.standard.hooks.subprocess.SubprocessHook"}
{"timestamp":"2025-05-06T11:30:47.666195","level":"info","event":"\u001b[0m11:30:47  Sending event: {'category': 'dbt', 'action': 'invocation', 'label': 'end', 'context': [<snowplow_tracker.self_describing_json.SelfDescribingJson object at 0x7f6463f6e990>, <snowplow_tracker.self_describing_json.SelfDescribingJson object at 0x7f6463fbd940>, <snowplow_tracker.self_describing_json.SelfDescribingJson object at 0x7f6463aafc50>]}","logger":"airflow.task.hooks.airflow.providers.standard.hooks.subprocess.SubprocessHook"}
{"timestamp":"2025-05-06T11:30:47.667112","level":"info","event":"\u001b[0m11:30:47  Flushing usage events","logger":"airflow.task.hooks.airflow.providers.standard.hooks.subprocess.SubprocessHook"}
{"timestamp":"2025-05-06T11:30:49.190578","level":"info","event":"Command exited with return code 0","logger":"airflow.task.hooks.airflow.providers.standard.hooks.subprocess.SubprocessHook"}
{"timestamp":"2025-05-06T11:30:49.191383","level":"info","event":"Pushing xcom","ti":"RuntimeTaskInstance(id=UUID('0196a55c-c49f-712d-b376-9779172bf97d'), task_id='dbt_run', dag_id='dbt_run_with_logging', run_id='manual__2025-05-06T11:30:42.439896+00:00', try_number=1, map_index=-1, hostname='3c598b0bf34b', context_carrier=None, task=<Task(BashOperator): dbt_run>, bundle_instance=LocalDagBundle(name=dags-folder), max_tries=0, start_date=datetime.datetime(2025, 5, 6, 11, 30, 43, 388584, tzinfo=TzInfo(UTC)), end_date=None, is_mapped=False)","logger":"task"}
