{"timestamp":"2025-04-30T07:47:47.111116","level":"info","event":"DAG bundles loaded: dags-folder","logger":"airflow.dag_processing.bundles.manager.DagBundlesManager"}
{"timestamp":"2025-04-30T07:47:47.111854","level":"info","event":"Filling up the DagBag from /opt/airflow/dags/run_dbt_dag.py","logger":"airflow.models.dagbag.DagBag"}
{"timestamp":"2025-04-30T07:47:47.141173","level":"info","event":"Tmp dir root location: /tmp","logger":"airflow.task.hooks.airflow.providers.standard.hooks.subprocess.SubprocessHook"}
{"timestamp":"2025-04-30T07:47:47.141701","level":"info","event":"Running command: ['/usr/bin/bash', '-c', 'cd /opt/airflow/dbt && dbt run --profiles-dir /opt/airflow/dbt --project-dir . --log-path /opt/airflow/logs --log-level debug 2>&1 | tee /opt/airflow/logs/dbt_run_20250430T074743.log']","logger":"airflow.task.hooks.airflow.providers.standard.hooks.subprocess.SubprocessHook"}
{"timestamp":"2025-04-30T07:47:47.147903","level":"info","event":"Output:","logger":"airflow.task.hooks.airflow.providers.standard.hooks.subprocess.SubprocessHook"}
{"timestamp":"2025-04-30T07:47:51.320875","level":"info","event":"\u001b[0m07:47:51  Sending event: {'category': 'dbt', 'action': 'invocation', 'label': 'start', 'context': [<snowplow_tracker.self_describing_json.SelfDescribingJson object at 0x7f16ed0b1640>, <snowplow_tracker.self_describing_json.SelfDescribingJson object at 0x7f16ed3890a0>, <snowplow_tracker.self_describing_json.SelfDescribingJson object at 0x7f16ed468740>]}","logger":"airflow.task.hooks.airflow.providers.standard.hooks.subprocess.SubprocessHook"}
{"timestamp":"2025-04-30T07:47:51.322632","level":"info","event":"\u001b[0m07:47:51  Running with dbt=1.7.6","logger":"airflow.task.hooks.airflow.providers.standard.hooks.subprocess.SubprocessHook"}
{"timestamp":"2025-04-30T07:47:51.323592","level":"info","event":"\u001b[0m07:47:51  running dbt with arguments {'printer_width': '80', 'indirect_selection': 'eager', 'write_json': 'True', 'log_cache_events': 'False', 'partial_parse': 'True', 'cache_selected_only': 'False', 'profiles_dir': '/opt/airflow/dbt', 'version_check': 'True', 'warn_error': 'None', 'log_path': '/opt/airflow/logs', 'fail_fast': 'False', 'debug': 'False', 'use_colors': 'True', 'use_experimental_parser': 'False', 'no_print': 'None', 'quiet': 'False', 'warn_error_options': 'WarnErrorOptions(include=[], exclude=[])', 'static_parser': 'True', 'introspect': 'True', 'invocation_command': 'dbt run --profiles-dir /opt/airflow/dbt --project-dir . --log-path /opt/airflow/logs --log-level debug', 'target_path': 'None', 'log_format': 'default', 'send_anonymous_usage_stats': 'True'}","logger":"airflow.task.hooks.airflow.providers.standard.hooks.subprocess.SubprocessHook"}
{"timestamp":"2025-04-30T07:47:51.542480","level":"info","event":"\u001b[0m07:47:51  Sending event: {'category': 'dbt', 'action': 'project_id', 'label': '92695545-a141-474e-980b-5f6c2d202a3d', 'context': [<snowplow_tracker.self_describing_json.SelfDescribingJson object at 0x7f16ecf14b60>]}","logger":"airflow.task.hooks.airflow.providers.standard.hooks.subprocess.SubprocessHook"}
{"timestamp":"2025-04-30T07:47:51.652401","level":"info","event":"\u001b[0m07:47:51  Sending event: {'category': 'dbt', 'action': 'adapter_info', 'label': '92695545-a141-474e-980b-5f6c2d202a3d', 'context': [<snowplow_tracker.self_describing_json.SelfDescribingJson object at 0x7f16ed374440>]}","logger":"airflow.task.hooks.airflow.providers.standard.hooks.subprocess.SubprocessHook"}
{"timestamp":"2025-04-30T07:47:51.653483","level":"info","event":"\u001b[0m07:47:51  Registered adapter: postgres=1.7.6","logger":"airflow.task.hooks.airflow.providers.standard.hooks.subprocess.SubprocessHook"}
{"timestamp":"2025-04-30T07:47:51.664821","level":"info","event":"\u001b[0m07:47:51  checksum: d62e513342251256fdf8c77c78ccf3e0bf76720e6e4e8384a98b7479399def9a, vars: {}, profile: , target: , version: 1.7.6","logger":"airflow.task.hooks.airflow.providers.standard.hooks.subprocess.SubprocessHook"}
{"timestamp":"2025-04-30T07:47:51.671431","level":"info","event":"\u001b[0m07:47:51  Unable to do partial parsing because saved manifest not found. Starting full parse.","logger":"airflow.task.hooks.airflow.providers.standard.hooks.subprocess.SubprocessHook"}
{"timestamp":"2025-04-30T07:47:51.672296","level":"info","event":"\u001b[0m07:47:51  Sending event: {'category': 'dbt', 'action': 'partial_parser', 'label': '92695545-a141-474e-980b-5f6c2d202a3d', 'context': [<snowplow_tracker.self_describing_json.SelfDescribingJson object at 0x7f16ecdbafc0>]}","logger":"airflow.task.hooks.airflow.providers.standard.hooks.subprocess.SubprocessHook"}
{"timestamp":"2025-04-30T07:47:52.773821","level":"info","event":"\u001b[0m07:47:52  Sending event: {'category': 'dbt', 'action': 'load_project', 'label': '92695545-a141-474e-980b-5f6c2d202a3d', 'context': [<snowplow_tracker.self_describing_json.SelfDescribingJson object at 0x7f16ecfad0d0>]}","logger":"airflow.task.hooks.airflow.providers.standard.hooks.subprocess.SubprocessHook"}
{"timestamp":"2025-04-30T07:47:52.814408","level":"info","event":"\u001b[0m07:47:52  Sending event: {'category': 'dbt', 'action': 'resource_counts', 'label': '92695545-a141-474e-980b-5f6c2d202a3d', 'context': [<snowplow_tracker.self_describing_json.SelfDescribingJson object at 0x7f16ebf9b350>]}","logger":"airflow.task.hooks.airflow.providers.standard.hooks.subprocess.SubprocessHook"}
{"timestamp":"2025-04-30T07:47:52.815589","level":"info","event":"\u001b[0m07:47:52  Found 1 model, 0 sources, 0 exposures, 0 metrics, 401 macros, 0 groups, 0 semantic models","logger":"airflow.task.hooks.airflow.providers.standard.hooks.subprocess.SubprocessHook"}
{"timestamp":"2025-04-30T07:47:52.816904","level":"info","event":"\u001b[0m07:47:52  Sending event: {'category': 'dbt', 'action': 'runnable_timing', 'label': '92695545-a141-474e-980b-5f6c2d202a3d', 'context': [<snowplow_tracker.self_describing_json.SelfDescribingJson object at 0x7f16ecfad0d0>]}","logger":"airflow.task.hooks.airflow.providers.standard.hooks.subprocess.SubprocessHook"}
{"timestamp":"2025-04-30T07:47:52.820746","level":"info","event":"\u001b[0m07:47:52","logger":"airflow.task.hooks.airflow.providers.standard.hooks.subprocess.SubprocessHook"}
{"timestamp":"2025-04-30T07:47:52.823786","level":"info","event":"\u001b[0m07:47:52  Acquiring new postgres connection 'master'","logger":"airflow.task.hooks.airflow.providers.standard.hooks.subprocess.SubprocessHook"}
{"timestamp":"2025-04-30T07:47:52.826292","level":"info","event":"\u001b[0m07:47:52  Acquiring new postgres connection 'list_analytics'","logger":"airflow.task.hooks.airflow.providers.standard.hooks.subprocess.SubprocessHook"}
{"timestamp":"2025-04-30T07:47:52.841000","level":"info","event":"\u001b[0m07:47:52  Using postgres connection \"list_analytics\"","logger":"airflow.task.hooks.airflow.providers.standard.hooks.subprocess.SubprocessHook"}
{"timestamp":"2025-04-30T07:47:52.841728","level":"info","event":"\u001b[0m07:47:52  On list_analytics: /* {\"app\": \"dbt\", \"dbt_version\": \"1.7.6\", \"profile_name\": \"my_project\", \"target_name\": \"dev\", \"connection_name\": \"list_analytics\"} */","logger":"airflow.task.hooks.airflow.providers.standard.hooks.subprocess.SubprocessHook"}
{"timestamp":"2025-04-30T07:47:52.841882","level":"info","event":"","logger":"airflow.task.hooks.airflow.providers.standard.hooks.subprocess.SubprocessHook"}
{"timestamp":"2025-04-30T07:47:52.841980","level":"info","event":"    select distinct nspname from pg_namespace","logger":"airflow.task.hooks.airflow.providers.standard.hooks.subprocess.SubprocessHook"}
{"timestamp":"2025-04-30T07:47:52.842049","level":"info","event":"","logger":"airflow.task.hooks.airflow.providers.standard.hooks.subprocess.SubprocessHook"}
{"timestamp":"2025-04-30T07:47:52.842471","level":"info","event":"\u001b[0m07:47:52  Opening a new connection, currently in state init","logger":"airflow.task.hooks.airflow.providers.standard.hooks.subprocess.SubprocessHook"}
{"timestamp":"2025-04-30T07:47:52.853575","level":"info","event":"\u001b[0m07:47:52  SQL status: SELECT 4 in 0.0 seconds","logger":"airflow.task.hooks.airflow.providers.standard.hooks.subprocess.SubprocessHook"}
{"timestamp":"2025-04-30T07:47:52.856161","level":"info","event":"\u001b[0m07:47:52  On list_analytics: Close","logger":"airflow.task.hooks.airflow.providers.standard.hooks.subprocess.SubprocessHook"}
{"timestamp":"2025-04-30T07:47:52.858903","level":"info","event":"\u001b[0m07:47:52  Re-using an available connection from the pool (formerly list_analytics, now list_analytics_public)","logger":"airflow.task.hooks.airflow.providers.standard.hooks.subprocess.SubprocessHook"}
{"timestamp":"2025-04-30T07:47:52.868326","level":"info","event":"\u001b[0m07:47:52  Using postgres connection \"list_analytics_public\"","logger":"airflow.task.hooks.airflow.providers.standard.hooks.subprocess.SubprocessHook"}
{"timestamp":"2025-04-30T07:47:52.869362","level":"info","event":"\u001b[0m07:47:52  On list_analytics_public: BEGIN","logger":"airflow.task.hooks.airflow.providers.standard.hooks.subprocess.SubprocessHook"}
{"timestamp":"2025-04-30T07:47:52.870103","level":"info","event":"\u001b[0m07:47:52  Opening a new connection, currently in state closed","logger":"airflow.task.hooks.airflow.providers.standard.hooks.subprocess.SubprocessHook"}
{"timestamp":"2025-04-30T07:47:52.878940","level":"info","event":"\u001b[0m07:47:52  SQL status: BEGIN in 0.0 seconds","logger":"airflow.task.hooks.airflow.providers.standard.hooks.subprocess.SubprocessHook"}
{"timestamp":"2025-04-30T07:47:52.879964","level":"info","event":"\u001b[0m07:47:52  Using postgres connection \"list_analytics_public\"","logger":"airflow.task.hooks.airflow.providers.standard.hooks.subprocess.SubprocessHook"}
{"timestamp":"2025-04-30T07:47:52.881036","level":"info","event":"\u001b[0m07:47:52  On list_analytics_public: /* {\"app\": \"dbt\", \"dbt_version\": \"1.7.6\", \"profile_name\": \"my_project\", \"target_name\": \"dev\", \"connection_name\": \"list_analytics_public\"} */","logger":"airflow.task.hooks.airflow.providers.standard.hooks.subprocess.SubprocessHook"}
{"timestamp":"2025-04-30T07:47:52.881223","level":"info","event":"select","logger":"airflow.task.hooks.airflow.providers.standard.hooks.subprocess.SubprocessHook"}
{"timestamp":"2025-04-30T07:47:52.881332","level":"info","event":"      'analytics' as database,","logger":"airflow.task.hooks.airflow.providers.standard.hooks.subprocess.SubprocessHook"}
{"timestamp":"2025-04-30T07:47:52.881429","level":"info","event":"      tablename as name,","logger":"airflow.task.hooks.airflow.providers.standard.hooks.subprocess.SubprocessHook"}
{"timestamp":"2025-04-30T07:47:52.881549","level":"info","event":"      schemaname as schema,","logger":"airflow.task.hooks.airflow.providers.standard.hooks.subprocess.SubprocessHook"}
{"timestamp":"2025-04-30T07:47:52.881652","level":"info","event":"      'table' as type","logger":"airflow.task.hooks.airflow.providers.standard.hooks.subprocess.SubprocessHook"}
{"timestamp":"2025-04-30T07:47:52.881745","level":"info","event":"    from pg_tables","logger":"airflow.task.hooks.airflow.providers.standard.hooks.subprocess.SubprocessHook"}
{"timestamp":"2025-04-30T07:47:52.881838","level":"info","event":"    where schemaname ilike 'public'","logger":"airflow.task.hooks.airflow.providers.standard.hooks.subprocess.SubprocessHook"}
{"timestamp":"2025-04-30T07:47:52.881931","level":"info","event":"    union all","logger":"airflow.task.hooks.airflow.providers.standard.hooks.subprocess.SubprocessHook"}
{"timestamp":"2025-04-30T07:47:52.882018","level":"info","event":"    select","logger":"airflow.task.hooks.airflow.providers.standard.hooks.subprocess.SubprocessHook"}
{"timestamp":"2025-04-30T07:47:52.882103","level":"info","event":"      'analytics' as database,","logger":"airflow.task.hooks.airflow.providers.standard.hooks.subprocess.SubprocessHook"}
{"timestamp":"2025-04-30T07:47:52.882193","level":"info","event":"      viewname as name,","logger":"airflow.task.hooks.airflow.providers.standard.hooks.subprocess.SubprocessHook"}
{"timestamp":"2025-04-30T07:47:52.882286","level":"info","event":"      schemaname as schema,","logger":"airflow.task.hooks.airflow.providers.standard.hooks.subprocess.SubprocessHook"}
{"timestamp":"2025-04-30T07:47:52.882377","level":"info","event":"      'view' as type","logger":"airflow.task.hooks.airflow.providers.standard.hooks.subprocess.SubprocessHook"}
{"timestamp":"2025-04-30T07:47:52.882474","level":"info","event":"    from pg_views","logger":"airflow.task.hooks.airflow.providers.standard.hooks.subprocess.SubprocessHook"}
{"timestamp":"2025-04-30T07:47:52.882569","level":"info","event":"    where schemaname ilike 'public'","logger":"airflow.task.hooks.airflow.providers.standard.hooks.subprocess.SubprocessHook"}
{"timestamp":"2025-04-30T07:47:52.882662","level":"info","event":"    union all","logger":"airflow.task.hooks.airflow.providers.standard.hooks.subprocess.SubprocessHook"}
{"timestamp":"2025-04-30T07:47:52.882758","level":"info","event":"    select","logger":"airflow.task.hooks.airflow.providers.standard.hooks.subprocess.SubprocessHook"}
{"timestamp":"2025-04-30T07:47:52.882845","level":"info","event":"      'analytics' as database,","logger":"airflow.task.hooks.airflow.providers.standard.hooks.subprocess.SubprocessHook"}
{"timestamp":"2025-04-30T07:47:52.882939","level":"info","event":"      matviewname as name,","logger":"airflow.task.hooks.airflow.providers.standard.hooks.subprocess.SubprocessHook"}
{"timestamp":"2025-04-30T07:47:52.883031","level":"info","event":"      schemaname as schema,","logger":"airflow.task.hooks.airflow.providers.standard.hooks.subprocess.SubprocessHook"}
{"timestamp":"2025-04-30T07:47:52.883120","level":"info","event":"      'materialized_view' as type","logger":"airflow.task.hooks.airflow.providers.standard.hooks.subprocess.SubprocessHook"}
{"timestamp":"2025-04-30T07:47:52.883204","level":"info","event":"    from pg_matviews","logger":"airflow.task.hooks.airflow.providers.standard.hooks.subprocess.SubprocessHook"}
{"timestamp":"2025-04-30T07:47:52.883287","level":"info","event":"    where schemaname ilike 'public'","logger":"airflow.task.hooks.airflow.providers.standard.hooks.subprocess.SubprocessHook"}
{"timestamp":"2025-04-30T07:47:52.883379","level":"info","event":"","logger":"airflow.task.hooks.airflow.providers.standard.hooks.subprocess.SubprocessHook"}
{"timestamp":"2025-04-30T07:47:52.886874","level":"info","event":"\u001b[0m07:47:52  SQL status: SELECT 1 in 0.0 seconds","logger":"airflow.task.hooks.airflow.providers.standard.hooks.subprocess.SubprocessHook"}
{"timestamp":"2025-04-30T07:47:52.890502","level":"info","event":"\u001b[0m07:47:52  On list_analytics_public: ROLLBACK","logger":"airflow.task.hooks.airflow.providers.standard.hooks.subprocess.SubprocessHook"}
{"timestamp":"2025-04-30T07:47:52.891674","level":"info","event":"\u001b[0m07:47:52  On list_analytics_public: Close","logger":"airflow.task.hooks.airflow.providers.standard.hooks.subprocess.SubprocessHook"}
{"timestamp":"2025-04-30T07:47:52.901133","level":"info","event":"\u001b[0m07:47:52  Using postgres connection \"master\"","logger":"airflow.task.hooks.airflow.providers.standard.hooks.subprocess.SubprocessHook"}
{"timestamp":"2025-04-30T07:47:52.901982","level":"info","event":"\u001b[0m07:47:52  On master: BEGIN","logger":"airflow.task.hooks.airflow.providers.standard.hooks.subprocess.SubprocessHook"}
{"timestamp":"2025-04-30T07:47:52.902802","level":"info","event":"\u001b[0m07:47:52  Opening a new connection, currently in state init","logger":"airflow.task.hooks.airflow.providers.standard.hooks.subprocess.SubprocessHook"}
{"timestamp":"2025-04-30T07:47:52.913622","level":"info","event":"\u001b[0m07:47:52  SQL status: BEGIN in 0.0 seconds","logger":"airflow.task.hooks.airflow.providers.standard.hooks.subprocess.SubprocessHook"}
{"timestamp":"2025-04-30T07:47:52.914673","level":"info","event":"\u001b[0m07:47:52  Using postgres connection \"master\"","logger":"airflow.task.hooks.airflow.providers.standard.hooks.subprocess.SubprocessHook"}
{"timestamp":"2025-04-30T07:47:52.916040","level":"info","event":"\u001b[0m07:47:52  On master: /* {\"app\": \"dbt\", \"dbt_version\": \"1.7.6\", \"profile_name\": \"my_project\", \"target_name\": \"dev\", \"connection_name\": \"master\"} */","logger":"airflow.task.hooks.airflow.providers.standard.hooks.subprocess.SubprocessHook"}
{"timestamp":"2025-04-30T07:47:52.916256","level":"info","event":"with relation as (","logger":"airflow.task.hooks.airflow.providers.standard.hooks.subprocess.SubprocessHook"}
{"timestamp":"2025-04-30T07:47:52.916372","level":"info","event":"        select","logger":"airflow.task.hooks.airflow.providers.standard.hooks.subprocess.SubprocessHook"}
{"timestamp":"2025-04-30T07:47:52.916477","level":"info","event":"            pg_rewrite.ev_class as class,","logger":"airflow.task.hooks.airflow.providers.standard.hooks.subprocess.SubprocessHook"}
{"timestamp":"2025-04-30T07:47:52.916567","level":"info","event":"            pg_rewrite.oid as id","logger":"airflow.task.hooks.airflow.providers.standard.hooks.subprocess.SubprocessHook"}
{"timestamp":"2025-04-30T07:47:52.916661","level":"info","event":"        from pg_rewrite","logger":"airflow.task.hooks.airflow.providers.standard.hooks.subprocess.SubprocessHook"}
{"timestamp":"2025-04-30T07:47:52.917174","level":"info","event":"    ),","logger":"airflow.task.hooks.airflow.providers.standard.hooks.subprocess.SubprocessHook"}
{"timestamp":"2025-04-30T07:47:52.917445","level":"info","event":"    class as (","logger":"airflow.task.hooks.airflow.providers.standard.hooks.subprocess.SubprocessHook"}
{"timestamp":"2025-04-30T07:47:52.917554","level":"info","event":"        select","logger":"airflow.task.hooks.airflow.providers.standard.hooks.subprocess.SubprocessHook"}
{"timestamp":"2025-04-30T07:47:52.918608","level":"info","event":"            oid as id,","logger":"airflow.task.hooks.airflow.providers.standard.hooks.subprocess.SubprocessHook"}
{"timestamp":"2025-04-30T07:47:52.919763","level":"info","event":"            relname as name,","logger":"airflow.task.hooks.airflow.providers.standard.hooks.subprocess.SubprocessHook"}
{"timestamp":"2025-04-30T07:47:52.920878","level":"info","event":"            relnamespace as schema,","logger":"airflow.task.hooks.airflow.providers.standard.hooks.subprocess.SubprocessHook"}
{"timestamp":"2025-04-30T07:47:52.921427","level":"info","event":"            relkind as kind","logger":"airflow.task.hooks.airflow.providers.standard.hooks.subprocess.SubprocessHook"}
{"timestamp":"2025-04-30T07:47:52.922818","level":"info","event":"        from pg_class","logger":"airflow.task.hooks.airflow.providers.standard.hooks.subprocess.SubprocessHook"}
{"timestamp":"2025-04-30T07:47:52.923355","level":"info","event":"    ),","logger":"airflow.task.hooks.airflow.providers.standard.hooks.subprocess.SubprocessHook"}
{"timestamp":"2025-04-30T07:47:52.923476","level":"info","event":"    dependency as (","logger":"airflow.task.hooks.airflow.providers.standard.hooks.subprocess.SubprocessHook"}
{"timestamp":"2025-04-30T07:47:52.923572","level":"info","event":"        select distinct","logger":"airflow.task.hooks.airflow.providers.standard.hooks.subprocess.SubprocessHook"}
{"timestamp":"2025-04-30T07:47:52.923669","level":"info","event":"            pg_depend.objid as id,","logger":"airflow.task.hooks.airflow.providers.standard.hooks.subprocess.SubprocessHook"}
{"timestamp":"2025-04-30T07:47:52.923759","level":"info","event":"            pg_depend.refobjid as ref","logger":"airflow.task.hooks.airflow.providers.standard.hooks.subprocess.SubprocessHook"}
{"timestamp":"2025-04-30T07:47:52.923853","level":"info","event":"        from pg_depend","logger":"airflow.task.hooks.airflow.providers.standard.hooks.subprocess.SubprocessHook"}
{"timestamp":"2025-04-30T07:47:52.923945","level":"info","event":"    ),","logger":"airflow.task.hooks.airflow.providers.standard.hooks.subprocess.SubprocessHook"}
{"timestamp":"2025-04-30T07:47:52.924039","level":"info","event":"    schema as (","logger":"airflow.task.hooks.airflow.providers.standard.hooks.subprocess.SubprocessHook"}
{"timestamp":"2025-04-30T07:47:52.924131","level":"info","event":"        select","logger":"airflow.task.hooks.airflow.providers.standard.hooks.subprocess.SubprocessHook"}
{"timestamp":"2025-04-30T07:47:52.924220","level":"info","event":"            pg_namespace.oid as id,","logger":"airflow.task.hooks.airflow.providers.standard.hooks.subprocess.SubprocessHook"}
{"timestamp":"2025-04-30T07:47:52.924309","level":"info","event":"            pg_namespace.nspname as name","logger":"airflow.task.hooks.airflow.providers.standard.hooks.subprocess.SubprocessHook"}
{"timestamp":"2025-04-30T07:47:52.924403","level":"info","event":"        from pg_namespace","logger":"airflow.task.hooks.airflow.providers.standard.hooks.subprocess.SubprocessHook"}
{"timestamp":"2025-04-30T07:47:52.924493","level":"info","event":"        where nspname != 'information_schema' and nspname not like 'pg\\_%'","logger":"airflow.task.hooks.airflow.providers.standard.hooks.subprocess.SubprocessHook"}
{"timestamp":"2025-04-30T07:47:52.924584","level":"info","event":"    ),","logger":"airflow.task.hooks.airflow.providers.standard.hooks.subprocess.SubprocessHook"}
{"timestamp":"2025-04-30T07:47:52.924666","level":"info","event":"    referenced as (","logger":"airflow.task.hooks.airflow.providers.standard.hooks.subprocess.SubprocessHook"}
{"timestamp":"2025-04-30T07:47:52.924765","level":"info","event":"        select","logger":"airflow.task.hooks.airflow.providers.standard.hooks.subprocess.SubprocessHook"}
{"timestamp":"2025-04-30T07:47:52.924886","level":"info","event":"            relation.id AS id,","logger":"airflow.task.hooks.airflow.providers.standard.hooks.subprocess.SubprocessHook"}
{"timestamp":"2025-04-30T07:47:52.924984","level":"info","event":"            referenced_class.name ,","logger":"airflow.task.hooks.airflow.providers.standard.hooks.subprocess.SubprocessHook"}
{"timestamp":"2025-04-30T07:47:52.925072","level":"info","event":"            referenced_class.schema ,","logger":"airflow.task.hooks.airflow.providers.standard.hooks.subprocess.SubprocessHook"}
{"timestamp":"2025-04-30T07:47:52.925157","level":"info","event":"            referenced_class.kind","logger":"airflow.task.hooks.airflow.providers.standard.hooks.subprocess.SubprocessHook"}
{"timestamp":"2025-04-30T07:47:52.925245","level":"info","event":"        from relation","logger":"airflow.task.hooks.airflow.providers.standard.hooks.subprocess.SubprocessHook"}
{"timestamp":"2025-04-30T07:47:52.925333","level":"info","event":"        join class as referenced_class on relation.class=referenced_class.id","logger":"airflow.task.hooks.airflow.providers.standard.hooks.subprocess.SubprocessHook"}
{"timestamp":"2025-04-30T07:47:52.925420","level":"info","event":"        where referenced_class.kind in ('r', 'v', 'm')","logger":"airflow.task.hooks.airflow.providers.standard.hooks.subprocess.SubprocessHook"}
{"timestamp":"2025-04-30T07:47:52.925508","level":"info","event":"    ),","logger":"airflow.task.hooks.airflow.providers.standard.hooks.subprocess.SubprocessHook"}
{"timestamp":"2025-04-30T07:47:52.925594","level":"info","event":"    relationships as (","logger":"airflow.task.hooks.airflow.providers.standard.hooks.subprocess.SubprocessHook"}
{"timestamp":"2025-04-30T07:47:52.925680","level":"info","event":"        select","logger":"airflow.task.hooks.airflow.providers.standard.hooks.subprocess.SubprocessHook"}
{"timestamp":"2025-04-30T07:47:52.925763","level":"info","event":"            referenced.name as referenced_name,","logger":"airflow.task.hooks.airflow.providers.standard.hooks.subprocess.SubprocessHook"}
{"timestamp":"2025-04-30T07:47:52.925849","level":"info","event":"            referenced.schema as referenced_schema_id,","logger":"airflow.task.hooks.airflow.providers.standard.hooks.subprocess.SubprocessHook"}
{"timestamp":"2025-04-30T07:47:52.925941","level":"info","event":"            dependent_class.name as dependent_name,","logger":"airflow.task.hooks.airflow.providers.standard.hooks.subprocess.SubprocessHook"}
{"timestamp":"2025-04-30T07:47:52.926026","level":"info","event":"            dependent_class.schema as dependent_schema_id,","logger":"airflow.task.hooks.airflow.providers.standard.hooks.subprocess.SubprocessHook"}
{"timestamp":"2025-04-30T07:47:52.926113","level":"info","event":"            referenced.kind as kind","logger":"airflow.task.hooks.airflow.providers.standard.hooks.subprocess.SubprocessHook"}
{"timestamp":"2025-04-30T07:47:52.926216","level":"info","event":"        from referenced","logger":"airflow.task.hooks.airflow.providers.standard.hooks.subprocess.SubprocessHook"}
{"timestamp":"2025-04-30T07:47:52.926311","level":"info","event":"        join dependency on referenced.id=dependency.id","logger":"airflow.task.hooks.airflow.providers.standard.hooks.subprocess.SubprocessHook"}
{"timestamp":"2025-04-30T07:47:52.926406","level":"info","event":"        join class as dependent_class on dependency.ref=dependent_class.id","logger":"airflow.task.hooks.airflow.providers.standard.hooks.subprocess.SubprocessHook"}
{"timestamp":"2025-04-30T07:47:52.926499","level":"info","event":"        where","logger":"airflow.task.hooks.airflow.providers.standard.hooks.subprocess.SubprocessHook"}
{"timestamp":"2025-04-30T07:47:52.926590","level":"info","event":"            (referenced.name != dependent_class.name or","logger":"airflow.task.hooks.airflow.providers.standard.hooks.subprocess.SubprocessHook"}
{"timestamp":"2025-04-30T07:47:52.926682","level":"info","event":"             referenced.schema != dependent_class.schema)","logger":"airflow.task.hooks.airflow.providers.standard.hooks.subprocess.SubprocessHook"}
{"timestamp":"2025-04-30T07:47:52.926773","level":"info","event":"    )","logger":"airflow.task.hooks.airflow.providers.standard.hooks.subprocess.SubprocessHook"}
{"timestamp":"2025-04-30T07:47:52.926897","level":"info","event":"","logger":"airflow.task.hooks.airflow.providers.standard.hooks.subprocess.SubprocessHook"}
{"timestamp":"2025-04-30T07:47:52.926991","level":"info","event":"    select","logger":"airflow.task.hooks.airflow.providers.standard.hooks.subprocess.SubprocessHook"}
{"timestamp":"2025-04-30T07:47:52.927077","level":"info","event":"        referenced_schema.name as referenced_schema,","logger":"airflow.task.hooks.airflow.providers.standard.hooks.subprocess.SubprocessHook"}
{"timestamp":"2025-04-30T07:47:52.927162","level":"info","event":"        relationships.referenced_name as referenced_name,","logger":"airflow.task.hooks.airflow.providers.standard.hooks.subprocess.SubprocessHook"}
{"timestamp":"2025-04-30T07:47:52.927241","level":"info","event":"        dependent_schema.name as dependent_schema,","logger":"airflow.task.hooks.airflow.providers.standard.hooks.subprocess.SubprocessHook"}
{"timestamp":"2025-04-30T07:47:52.927366","level":"info","event":"        relationships.dependent_name as dependent_name","logger":"airflow.task.hooks.airflow.providers.standard.hooks.subprocess.SubprocessHook"}
{"timestamp":"2025-04-30T07:47:52.927478","level":"info","event":"    from relationships","logger":"airflow.task.hooks.airflow.providers.standard.hooks.subprocess.SubprocessHook"}
{"timestamp":"2025-04-30T07:47:52.927572","level":"info","event":"    join schema as dependent_schema on relationships.dependent_schema_id=dependent_schema.id","logger":"airflow.task.hooks.airflow.providers.standard.hooks.subprocess.SubprocessHook"}
{"timestamp":"2025-04-30T07:47:52.927659","level":"info","event":"    join schema as referenced_schema on relationships.referenced_schema_id=referenced_schema.id","logger":"airflow.task.hooks.airflow.providers.standard.hooks.subprocess.SubprocessHook"}
{"timestamp":"2025-04-30T07:47:52.927743","level":"info","event":"    group by referenced_schema, referenced_name, dependent_schema, dependent_name","logger":"airflow.task.hooks.airflow.providers.standard.hooks.subprocess.SubprocessHook"}
{"timestamp":"2025-04-30T07:47:52.927830","level":"info","event":"    order by referenced_schema, referenced_name, dependent_schema, dependent_name;","logger":"airflow.task.hooks.airflow.providers.standard.hooks.subprocess.SubprocessHook"}
{"timestamp":"2025-04-30T07:47:52.928486","level":"info","event":"\u001b[0m07:47:52  SQL status: SELECT 0 in 0.0 seconds","logger":"airflow.task.hooks.airflow.providers.standard.hooks.subprocess.SubprocessHook"}
{"timestamp":"2025-04-30T07:47:52.931132","level":"info","event":"\u001b[0m07:47:52  Sending event: {'category': 'dbt', 'action': 'runnable_timing', 'label': '92695545-a141-474e-980b-5f6c2d202a3d', 'context': [<snowplow_tracker.self_describing_json.SelfDescribingJson object at 0x7f16ebf98830>]}","logger":"airflow.task.hooks.airflow.providers.standard.hooks.subprocess.SubprocessHook"}
{"timestamp":"2025-04-30T07:47:52.932359","level":"info","event":"\u001b[0m07:47:52  On master: ROLLBACK","logger":"airflow.task.hooks.airflow.providers.standard.hooks.subprocess.SubprocessHook"}
{"timestamp":"2025-04-30T07:47:52.935039","level":"info","event":"\u001b[0m07:47:52  Using postgres connection \"master\"","logger":"airflow.task.hooks.airflow.providers.standard.hooks.subprocess.SubprocessHook"}
{"timestamp":"2025-04-30T07:47:52.937502","level":"info","event":"\u001b[0m07:47:52  On master: BEGIN","logger":"airflow.task.hooks.airflow.providers.standard.hooks.subprocess.SubprocessHook"}
{"timestamp":"2025-04-30T07:47:52.938930","level":"info","event":"\u001b[0m07:47:52  SQL status: BEGIN in 0.0 seconds","logger":"airflow.task.hooks.airflow.providers.standard.hooks.subprocess.SubprocessHook"}
{"timestamp":"2025-04-30T07:47:52.940696","level":"info","event":"\u001b[0m07:47:52  On master: COMMIT","logger":"airflow.task.hooks.airflow.providers.standard.hooks.subprocess.SubprocessHook"}
{"timestamp":"2025-04-30T07:47:52.942333","level":"info","event":"\u001b[0m07:47:52  Using postgres connection \"master\"","logger":"airflow.task.hooks.airflow.providers.standard.hooks.subprocess.SubprocessHook"}
{"timestamp":"2025-04-30T07:47:52.943448","level":"info","event":"\u001b[0m07:47:52  On master: COMMIT","logger":"airflow.task.hooks.airflow.providers.standard.hooks.subprocess.SubprocessHook"}
{"timestamp":"2025-04-30T07:47:52.944841","level":"info","event":"\u001b[0m07:47:52  SQL status: COMMIT in 0.0 seconds","logger":"airflow.task.hooks.airflow.providers.standard.hooks.subprocess.SubprocessHook"}
{"timestamp":"2025-04-30T07:47:52.946090","level":"info","event":"\u001b[0m07:47:52  On master: Close","logger":"airflow.task.hooks.airflow.providers.standard.hooks.subprocess.SubprocessHook"}
{"timestamp":"2025-04-30T07:47:52.947949","level":"info","event":"\u001b[0m07:47:52  Concurrency: 1 threads (target='dev')","logger":"airflow.task.hooks.airflow.providers.standard.hooks.subprocess.SubprocessHook"}
{"timestamp":"2025-04-30T07:47:52.949970","level":"info","event":"\u001b[0m07:47:52","logger":"airflow.task.hooks.airflow.providers.standard.hooks.subprocess.SubprocessHook"}
{"timestamp":"2025-04-30T07:47:52.969073","level":"info","event":"\u001b[0m07:47:52  Began running node model.my_project.trip_summary","logger":"airflow.task.hooks.airflow.providers.standard.hooks.subprocess.SubprocessHook"}
{"timestamp":"2025-04-30T07:47:52.971070","level":"info","event":"\u001b[0m07:47:52  1 of 1 START sql view model public.trip_summary ................................ [RUN]","logger":"airflow.task.hooks.airflow.providers.standard.hooks.subprocess.SubprocessHook"}
{"timestamp":"2025-04-30T07:47:52.972958","level":"info","event":"\u001b[0m07:47:52  Re-using an available connection from the pool (formerly list_analytics_public, now model.my_project.trip_summary)","logger":"airflow.task.hooks.airflow.providers.standard.hooks.subprocess.SubprocessHook"}
{"timestamp":"2025-04-30T07:47:52.974081","level":"info","event":"\u001b[0m07:47:52  Began compiling node model.my_project.trip_summary","logger":"airflow.task.hooks.airflow.providers.standard.hooks.subprocess.SubprocessHook"}
{"timestamp":"2025-04-30T07:47:52.987155","level":"info","event":"\u001b[0m07:47:52  Writing injected SQL for node \"model.my_project.trip_summary\"","logger":"airflow.task.hooks.airflow.providers.standard.hooks.subprocess.SubprocessHook"}
{"timestamp":"2025-04-30T07:47:52.996986","level":"info","event":"\u001b[0m07:47:52  Timing info for model.my_project.trip_summary (compile): 07:47:52.974384 => 07:47:52.995801","logger":"airflow.task.hooks.airflow.providers.standard.hooks.subprocess.SubprocessHook"}
{"timestamp":"2025-04-30T07:47:52.998344","level":"info","event":"\u001b[0m07:47:52  Began executing node model.my_project.trip_summary","logger":"airflow.task.hooks.airflow.providers.standard.hooks.subprocess.SubprocessHook"}
{"timestamp":"2025-04-30T07:47:53.062860","level":"info","event":"\u001b[0m07:47:53  Writing runtime sql for node \"model.my_project.trip_summary\"","logger":"airflow.task.hooks.airflow.providers.standard.hooks.subprocess.SubprocessHook"}
{"timestamp":"2025-04-30T07:47:53.076978","level":"info","event":"\u001b[0m07:47:53  Using postgres connection \"model.my_project.trip_summary\"","logger":"airflow.task.hooks.airflow.providers.standard.hooks.subprocess.SubprocessHook"}
{"timestamp":"2025-04-30T07:47:53.079631","level":"info","event":"\u001b[0m07:47:53  On model.my_project.trip_summary: BEGIN","logger":"airflow.task.hooks.airflow.providers.standard.hooks.subprocess.SubprocessHook"}
{"timestamp":"2025-04-30T07:47:53.080742","level":"info","event":"\u001b[0m07:47:53  Opening a new connection, currently in state closed","logger":"airflow.task.hooks.airflow.providers.standard.hooks.subprocess.SubprocessHook"}
{"timestamp":"2025-04-30T07:47:53.093844","level":"info","event":"\u001b[0m07:47:53  SQL status: BEGIN in 0.0 seconds","logger":"airflow.task.hooks.airflow.providers.standard.hooks.subprocess.SubprocessHook"}
{"timestamp":"2025-04-30T07:47:53.095194","level":"info","event":"\u001b[0m07:47:53  Using postgres connection \"model.my_project.trip_summary\"","logger":"airflow.task.hooks.airflow.providers.standard.hooks.subprocess.SubprocessHook"}
{"timestamp":"2025-04-30T07:47:53.096099","level":"info","event":"\u001b[0m07:47:53  On model.my_project.trip_summary: /* {\"app\": \"dbt\", \"dbt_version\": \"1.7.6\", \"profile_name\": \"my_project\", \"target_name\": \"dev\", \"node_id\": \"model.my_project.trip_summary\"} */","logger":"airflow.task.hooks.airflow.providers.standard.hooks.subprocess.SubprocessHook"}
{"timestamp":"2025-04-30T07:47:53.096350","level":"info","event":"","logger":"airflow.task.hooks.airflow.providers.standard.hooks.subprocess.SubprocessHook"}
{"timestamp":"2025-04-30T07:47:53.096453","level":"info","event":"  create view \"analytics\".\"public\".\"trip_summary__dbt_tmp\"","logger":"airflow.task.hooks.airflow.providers.standard.hooks.subprocess.SubprocessHook"}
{"timestamp":"2025-04-30T07:47:53.096590","level":"info","event":"","logger":"airflow.task.hooks.airflow.providers.standard.hooks.subprocess.SubprocessHook"}
{"timestamp":"2025-04-30T07:47:53.096687","level":"info","event":"","logger":"airflow.task.hooks.airflow.providers.standard.hooks.subprocess.SubprocessHook"}
{"timestamp":"2025-04-30T07:47:53.096826","level":"info","event":"  as (","logger":"airflow.task.hooks.airflow.providers.standard.hooks.subprocess.SubprocessHook"}
{"timestamp":"2025-04-30T07:47:53.097045","level":"info","event":"","logger":"airflow.task.hooks.airflow.providers.standard.hooks.subprocess.SubprocessHook"}
{"timestamp":"2025-04-30T07:47:53.097287","level":"info","event":"SELECT","logger":"airflow.task.hooks.airflow.providers.standard.hooks.subprocess.SubprocessHook"}
{"timestamp":"2025-04-30T07:47:53.097402","level":"info","event":"    trip_date,","logger":"airflow.task.hooks.airflow.providers.standard.hooks.subprocess.SubprocessHook"}
{"timestamp":"2025-04-30T07:47:53.097497","level":"info","event":"    COUNT(*) AS trip_count,","logger":"airflow.task.hooks.airflow.providers.standard.hooks.subprocess.SubprocessHook"}
{"timestamp":"2025-04-30T07:47:53.097661","level":"info","event":"    SUM(fare) AS total_revenue","logger":"airflow.task.hooks.airflow.providers.standard.hooks.subprocess.SubprocessHook"}
{"timestamp":"2025-04-30T07:47:53.097769","level":"info","event":"FROM trips","logger":"airflow.task.hooks.airflow.providers.standard.hooks.subprocess.SubprocessHook"}
{"timestamp":"2025-04-30T07:47:53.097866","level":"info","event":"GROUP BY trip_date","logger":"airflow.task.hooks.airflow.providers.standard.hooks.subprocess.SubprocessHook"}
{"timestamp":"2025-04-30T07:47:53.098053","level":"info","event":"ORDER BY trip_date","logger":"airflow.task.hooks.airflow.providers.standard.hooks.subprocess.SubprocessHook"}
{"timestamp":"2025-04-30T07:47:53.098195","level":"info","event":"  );","logger":"airflow.task.hooks.airflow.providers.standard.hooks.subprocess.SubprocessHook"}
{"timestamp":"2025-04-30T07:47:53.100174","level":"info","event":"\u001b[0m07:47:53  SQL status: CREATE VIEW in 0.0 seconds","logger":"airflow.task.hooks.airflow.providers.standard.hooks.subprocess.SubprocessHook"}
{"timestamp":"2025-04-30T07:47:53.110178","level":"info","event":"\u001b[0m07:47:53  Using postgres connection \"model.my_project.trip_summary\"","logger":"airflow.task.hooks.airflow.providers.standard.hooks.subprocess.SubprocessHook"}
{"timestamp":"2025-04-30T07:47:53.111359","level":"info","event":"\u001b[0m07:47:53  On model.my_project.trip_summary: /* {\"app\": \"dbt\", \"dbt_version\": \"1.7.6\", \"profile_name\": \"my_project\", \"target_name\": \"dev\", \"node_id\": \"model.my_project.trip_summary\"} */","logger":"airflow.task.hooks.airflow.providers.standard.hooks.subprocess.SubprocessHook"}
{"timestamp":"2025-04-30T07:47:53.111621","level":"info","event":"alter table \"analytics\".\"public\".\"trip_summary__dbt_tmp\" rename to \"trip_summary\"","logger":"airflow.task.hooks.airflow.providers.standard.hooks.subprocess.SubprocessHook"}
{"timestamp":"2025-04-30T07:47:53.112751","level":"info","event":"\u001b[0m07:47:53  SQL status: ALTER TABLE in 0.0 seconds","logger":"airflow.task.hooks.airflow.providers.standard.hooks.subprocess.SubprocessHook"}
{"timestamp":"2025-04-30T07:47:53.184667","level":"info","event":"\u001b[0m07:47:53  On model.my_project.trip_summary: COMMIT","logger":"airflow.task.hooks.airflow.providers.standard.hooks.subprocess.SubprocessHook"}
{"timestamp":"2025-04-30T07:47:53.185810","level":"info","event":"\u001b[0m07:47:53  Using postgres connection \"model.my_project.trip_summary\"","logger":"airflow.task.hooks.airflow.providers.standard.hooks.subprocess.SubprocessHook"}
{"timestamp":"2025-04-30T07:47:53.186876","level":"info","event":"\u001b[0m07:47:53  On model.my_project.trip_summary: COMMIT","logger":"airflow.task.hooks.airflow.providers.standard.hooks.subprocess.SubprocessHook"}
{"timestamp":"2025-04-30T07:47:53.190190","level":"info","event":"\u001b[0m07:47:53  SQL status: COMMIT in 0.0 seconds","logger":"airflow.task.hooks.airflow.providers.standard.hooks.subprocess.SubprocessHook"}
{"timestamp":"2025-04-30T07:47:53.200366","level":"info","event":"\u001b[0m07:47:53  Applying DROP to: \"analytics\".\"public\".\"trip_summary__dbt_backup\"","logger":"airflow.task.hooks.airflow.providers.standard.hooks.subprocess.SubprocessHook"}
{"timestamp":"2025-04-30T07:47:53.210209","level":"info","event":"\u001b[0m07:47:53  Using postgres connection \"model.my_project.trip_summary\"","logger":"airflow.task.hooks.airflow.providers.standard.hooks.subprocess.SubprocessHook"}
{"timestamp":"2025-04-30T07:47:53.211517","level":"info","event":"\u001b[0m07:47:53  On model.my_project.trip_summary: /* {\"app\": \"dbt\", \"dbt_version\": \"1.7.6\", \"profile_name\": \"my_project\", \"target_name\": \"dev\", \"node_id\": \"model.my_project.trip_summary\"} */","logger":"airflow.task.hooks.airflow.providers.standard.hooks.subprocess.SubprocessHook"}
{"timestamp":"2025-04-30T07:47:53.211686","level":"info","event":"drop view if exists \"analytics\".\"public\".\"trip_summary__dbt_backup\" cascade","logger":"airflow.task.hooks.airflow.providers.standard.hooks.subprocess.SubprocessHook"}
{"timestamp":"2025-04-30T07:47:53.212854","level":"info","event":"\u001b[0m07:47:53  SQL status: DROP VIEW in 0.0 seconds","logger":"airflow.task.hooks.airflow.providers.standard.hooks.subprocess.SubprocessHook"}
{"timestamp":"2025-04-30T07:47:53.215763","level":"info","event":"\u001b[0m07:47:53  Timing info for model.my_project.trip_summary (execute): 07:47:52.998547 => 07:47:53.214965","logger":"airflow.task.hooks.airflow.providers.standard.hooks.subprocess.SubprocessHook"}
{"timestamp":"2025-04-30T07:47:53.216797","level":"info","event":"\u001b[0m07:47:53  On model.my_project.trip_summary: Close","logger":"airflow.task.hooks.airflow.providers.standard.hooks.subprocess.SubprocessHook"}
{"timestamp":"2025-04-30T07:47:53.219280","level":"info","event":"\u001b[0m07:47:53  Sending event: {'category': 'dbt', 'action': 'run_model', 'label': '92695545-a141-474e-980b-5f6c2d202a3d', 'context': [<snowplow_tracker.self_describing_json.SelfDescribingJson object at 0x7f16ebb4dd60>]}","logger":"airflow.task.hooks.airflow.providers.standard.hooks.subprocess.SubprocessHook"}
{"timestamp":"2025-04-30T07:47:53.220942","level":"info","event":"\u001b[0m07:47:53  1 of 1 OK created sql view model public.trip_summary ........................... [\u001b[32mCREATE VIEW\u001b[0m in 0.25s]","logger":"airflow.task.hooks.airflow.providers.standard.hooks.subprocess.SubprocessHook"}
{"timestamp":"2025-04-30T07:47:53.222179","level":"info","event":"\u001b[0m07:47:53  Finished running node model.my_project.trip_summary","logger":"airflow.task.hooks.airflow.providers.standard.hooks.subprocess.SubprocessHook"}
{"timestamp":"2025-04-30T07:47:53.225224","level":"info","event":"\u001b[0m07:47:53  Using postgres connection \"master\"","logger":"airflow.task.hooks.airflow.providers.standard.hooks.subprocess.SubprocessHook"}
{"timestamp":"2025-04-30T07:47:53.226359","level":"info","event":"\u001b[0m07:47:53  On master: BEGIN","logger":"airflow.task.hooks.airflow.providers.standard.hooks.subprocess.SubprocessHook"}
{"timestamp":"2025-04-30T07:47:53.227131","level":"info","event":"\u001b[0m07:47:53  Opening a new connection, currently in state closed","logger":"airflow.task.hooks.airflow.providers.standard.hooks.subprocess.SubprocessHook"}
{"timestamp":"2025-04-30T07:47:53.235937","level":"info","event":"\u001b[0m07:47:53  SQL status: BEGIN in 0.0 seconds","logger":"airflow.task.hooks.airflow.providers.standard.hooks.subprocess.SubprocessHook"}
{"timestamp":"2025-04-30T07:47:53.236686","level":"info","event":"\u001b[0m07:47:53  On master: COMMIT","logger":"airflow.task.hooks.airflow.providers.standard.hooks.subprocess.SubprocessHook"}
{"timestamp":"2025-04-30T07:47:53.237459","level":"info","event":"\u001b[0m07:47:53  Using postgres connection \"master\"","logger":"airflow.task.hooks.airflow.providers.standard.hooks.subprocess.SubprocessHook"}
{"timestamp":"2025-04-30T07:47:53.238087","level":"info","event":"\u001b[0m07:47:53  On master: COMMIT","logger":"airflow.task.hooks.airflow.providers.standard.hooks.subprocess.SubprocessHook"}
{"timestamp":"2025-04-30T07:47:53.238945","level":"info","event":"\u001b[0m07:47:53  SQL status: COMMIT in 0.0 seconds","logger":"airflow.task.hooks.airflow.providers.standard.hooks.subprocess.SubprocessHook"}
{"timestamp":"2025-04-30T07:47:53.239944","level":"info","event":"\u001b[0m07:47:53  On master: Close","logger":"airflow.task.hooks.airflow.providers.standard.hooks.subprocess.SubprocessHook"}
{"timestamp":"2025-04-30T07:47:53.241548","level":"info","event":"\u001b[0m07:47:53  Connection 'master' was properly closed.","logger":"airflow.task.hooks.airflow.providers.standard.hooks.subprocess.SubprocessHook"}
{"timestamp":"2025-04-30T07:47:53.242607","level":"info","event":"\u001b[0m07:47:53  Connection 'model.my_project.trip_summary' was properly closed.","logger":"airflow.task.hooks.airflow.providers.standard.hooks.subprocess.SubprocessHook"}
{"timestamp":"2025-04-30T07:47:53.243580","level":"info","event":"\u001b[0m07:47:53","logger":"airflow.task.hooks.airflow.providers.standard.hooks.subprocess.SubprocessHook"}
{"timestamp":"2025-04-30T07:47:53.244452","level":"info","event":"\u001b[0m07:47:53  Finished running 1 view model in 0 hours 0 minutes and 0.42 seconds (0.42s).","logger":"airflow.task.hooks.airflow.providers.standard.hooks.subprocess.SubprocessHook"}
{"timestamp":"2025-04-30T07:47:53.245721","level":"info","event":"\u001b[0m07:47:53  Command end result","logger":"airflow.task.hooks.airflow.providers.standard.hooks.subprocess.SubprocessHook"}
{"timestamp":"2025-04-30T07:47:53.269531","level":"info","event":"\u001b[0m07:47:53","logger":"airflow.task.hooks.airflow.providers.standard.hooks.subprocess.SubprocessHook"}
{"timestamp":"2025-04-30T07:47:53.270422","level":"info","event":"\u001b[0m07:47:53  \u001b[32mCompleted successfully\u001b[0m","logger":"airflow.task.hooks.airflow.providers.standard.hooks.subprocess.SubprocessHook"}
{"timestamp":"2025-04-30T07:47:53.271164","level":"info","event":"\u001b[0m07:47:53","logger":"airflow.task.hooks.airflow.providers.standard.hooks.subprocess.SubprocessHook"}
{"timestamp":"2025-04-30T07:47:53.271962","level":"info","event":"\u001b[0m07:47:53  Done. PASS=1 WARN=0 ERROR=0 SKIP=0 TOTAL=1","logger":"airflow.task.hooks.airflow.providers.standard.hooks.subprocess.SubprocessHook"}
{"timestamp":"2025-04-30T07:47:53.273485","level":"info","event":"\u001b[0m07:47:53  Resource report: {\"command_name\": \"run\", \"command_success\": true, \"command_wall_clock_time\": 2.0462327, \"process_user_time\": 5.046646, \"process_kernel_time\": 0.311025, \"process_mem_max_rss\": \"133408\", \"process_in_blocks\": \"20400\", \"process_out_blocks\": \"5776\"}","logger":"airflow.task.hooks.airflow.providers.standard.hooks.subprocess.SubprocessHook"}
{"timestamp":"2025-04-30T07:47:53.274501","level":"info","event":"\u001b[0m07:47:53  Command `dbt run` succeeded at 07:47:53.273769 after 2.05 seconds","logger":"airflow.task.hooks.airflow.providers.standard.hooks.subprocess.SubprocessHook"}
{"timestamp":"2025-04-30T07:47:53.275811","level":"info","event":"\u001b[0m07:47:53  Sending event: {'category': 'dbt', 'action': 'invocation', 'label': 'end', 'context': [<snowplow_tracker.self_describing_json.SelfDescribingJson object at 0x7f16f1c071a0>, <snowplow_tracker.self_describing_json.SelfDescribingJson object at 0x7f16ed389430>, <snowplow_tracker.self_describing_json.SelfDescribingJson object at 0x7f16ebb4c410>]}","logger":"airflow.task.hooks.airflow.providers.standard.hooks.subprocess.SubprocessHook"}
{"timestamp":"2025-04-30T07:47:53.276936","level":"info","event":"\u001b[0m07:47:53  Flushing usage events","logger":"airflow.task.hooks.airflow.providers.standard.hooks.subprocess.SubprocessHook"}
{"timestamp":"2025-04-30T07:47:54.719460","level":"info","event":"Command exited with return code 0","logger":"airflow.task.hooks.airflow.providers.standard.hooks.subprocess.SubprocessHook"}
{"timestamp":"2025-04-30T07:47:54.720113","level":"info","event":"Pushing xcom","ti":"RuntimeTaskInstance(id=UUID('019685aa-7f00-7422-ab45-807de38611ed'), task_id='dbt_run', dag_id='dbt_run_with_logging', run_id='manual__2025-04-30T07:47:45.517062+00:00', try_number=1, map_index=-1, hostname='2e836e188ef0', context_carrier=None, task=<Task(BashOperator): dbt_run>, bundle_instance=LocalDagBundle(name=dags-folder), max_tries=0, start_date=datetime.datetime(2025, 4, 30, 7, 47, 46, 762675, tzinfo=TzInfo(UTC)), end_date=None, is_mapped=False)","logger":"task"}
